Component: ARM Compiler 5.06 update 7 (build 960) Tool: armlink [4d3601]

==============================================================================

Section Cross References

    startup_stm32f103xe.o(RESET) refers to startup_stm32f103xe.o(STACK) for __initial_sp
    startup_stm32f103xe.o(RESET) refers to startup_stm32f103xe.o(.text) for Reset_Handler
    startup_stm32f103xe.o(RESET) refers to stm32f1xx_it.o(i.NMI_Handler) for NMI_Handler
    startup_stm32f103xe.o(RESET) refers to stm32f1xx_it.o(i.HardFault_Handler) for HardFault_Handler
    startup_stm32f103xe.o(RESET) refers to stm32f1xx_it.o(i.MemManage_Handler) for MemManage_Handler
    startup_stm32f103xe.o(RESET) refers to stm32f1xx_it.o(i.BusFault_Handler) for BusFault_Handler
    startup_stm32f103xe.o(RESET) refers to stm32f1xx_it.o(i.UsageFault_Handler) for UsageFault_Handler
    startup_stm32f103xe.o(RESET) refers to stm32f1xx_it.o(i.SVC_Handler) for SVC_Handler
    startup_stm32f103xe.o(RESET) refers to stm32f1xx_it.o(i.DebugMon_Handler) for DebugMon_Handler
    startup_stm32f103xe.o(RESET) refers to stm32f1xx_it.o(i.PendSV_Handler) for PendSV_Handler
    startup_stm32f103xe.o(RESET) refers to stm32f1xx_it.o(i.SysTick_Handler) for SysTick_Handler
    startup_stm32f103xe.o(RESET) refers to stm32f1xx_it.o(i.USART1_IRQHandler) for USART1_IRQHandler
    startup_stm32f103xe.o(RESET) refers to stm32f1xx_it.o(i.TIM6_IRQHandler) for TIM6_IRQHandler
    startup_stm32f103xe.o(.text) refers to system_stm32f1xx.o(i.SystemInit) for SystemInit
    startup_stm32f103xe.o(.text) refers to entry.o(.ARM.Collect$$$$00000000) for __main
    ds18b20.o(i.DS18B20_Check) refers to ds18b20.o(i.DS18B20_IO_IN) for DS18B20_IO_IN
    ds18b20.o(i.DS18B20_Check) refers to tim.o(i.HAL_Delay_us) for HAL_Delay_us
    ds18b20.o(i.DS18B20_Check) refers to stm32f1xx_hal_gpio.o(i.HAL_GPIO_ReadPin) for HAL_GPIO_ReadPin
    ds18b20.o(i.DS18B20_GetTemperture) refers to ds18b20.o(i.DS18B20_Start) for DS18B20_Start
    ds18b20.o(i.DS18B20_GetTemperture) refers to ds18b20.o(i.DS18B20_Reset) for DS18B20_Reset
    ds18b20.o(i.DS18B20_GetTemperture) refers to ds18b20.o(i.DS18B20_Check) for DS18B20_Check
    ds18b20.o(i.DS18B20_GetTemperture) refers to ds18b20.o(i.DS18B20_Write_Byte) for DS18B20_Write_Byte
    ds18b20.o(i.DS18B20_GetTemperture) refers to ds18b20.o(i.DS18B20_Read_Byte) for DS18B20_Read_Byte
    ds18b20.o(i.DS18B20_GetTemperture) refers to dfltui.o(.text) for __aeabi_ui2d
    ds18b20.o(i.DS18B20_GetTemperture) refers to dmul.o(.text) for __aeabi_dmul
    ds18b20.o(i.DS18B20_GetTemperture) refers to dscalb.o(.text) for __ARM_scalbn
    ds18b20.o(i.DS18B20_GetTemperture) refers to d2f.o(.text) for __aeabi_d2f
    ds18b20.o(i.DS18B20_IO_IN) refers to stm32f1xx_hal_gpio.o(i.HAL_GPIO_Init) for HAL_GPIO_Init
    ds18b20.o(i.DS18B20_IO_OUT) refers to stm32f1xx_hal_gpio.o(i.HAL_GPIO_Init) for HAL_GPIO_Init
    ds18b20.o(i.DS18B20_Init) refers to stm32f1xx_hal_gpio.o(i.HAL_GPIO_Init) for HAL_GPIO_Init
    ds18b20.o(i.DS18B20_Init) refers to ds18b20.o(i.DS18B20_Reset) for DS18B20_Reset
    ds18b20.o(i.DS18B20_Init) refers to ds18b20.o(i.DS18B20_Check) for DS18B20_Check
    ds18b20.o(i.DS18B20_Read_Bit) refers to ds18b20.o(i.DS18B20_IO_OUT) for DS18B20_IO_OUT
    ds18b20.o(i.DS18B20_Read_Bit) refers to stm32f1xx_hal_gpio.o(i.HAL_GPIO_WritePin) for HAL_GPIO_WritePin
    ds18b20.o(i.DS18B20_Read_Bit) refers to tim.o(i.HAL_Delay_us) for HAL_Delay_us
    ds18b20.o(i.DS18B20_Read_Bit) refers to ds18b20.o(i.DS18B20_IO_IN) for DS18B20_IO_IN
    ds18b20.o(i.DS18B20_Read_Bit) refers to stm32f1xx_hal_gpio.o(i.HAL_GPIO_ReadPin) for HAL_GPIO_ReadPin
    ds18b20.o(i.DS18B20_Read_Byte) refers to ds18b20.o(i.DS18B20_Read_Bit) for DS18B20_Read_Bit
    ds18b20.o(i.DS18B20_Reset) refers to ds18b20.o(i.DS18B20_IO_OUT) for DS18B20_IO_OUT
    ds18b20.o(i.DS18B20_Reset) refers to stm32f1xx_hal_gpio.o(i.HAL_GPIO_WritePin) for HAL_GPIO_WritePin
    ds18b20.o(i.DS18B20_Reset) refers to tim.o(i.HAL_Delay_us) for HAL_Delay_us
    ds18b20.o(i.DS18B20_Start) refers to ds18b20.o(i.DS18B20_Reset) for DS18B20_Reset
    ds18b20.o(i.DS18B20_Start) refers to ds18b20.o(i.DS18B20_Check) for DS18B20_Check
    ds18b20.o(i.DS18B20_Start) refers to ds18b20.o(i.DS18B20_Write_Byte) for DS18B20_Write_Byte
    ds18b20.o(i.DS18B20_Test) refers to printfa.o(i.__0printf) for __2printf
    ds18b20.o(i.DS18B20_Test) refers to stm32f1xx_hal.o(i.HAL_Delay) for HAL_Delay
    ds18b20.o(i.DS18B20_Test) refers to ds18b20.o(i.DS18B20_Init) for DS18B20_Init
    ds18b20.o(i.DS18B20_Write_Byte) refers to ds18b20.o(i.DS18B20_IO_OUT) for DS18B20_IO_OUT
    ds18b20.o(i.DS18B20_Write_Byte) refers to stm32f1xx_hal_gpio.o(i.HAL_GPIO_WritePin) for HAL_GPIO_WritePin
    ds18b20.o(i.DS18B20_Write_Byte) refers to tim.o(i.HAL_Delay_us) for HAL_Delay_us
    oled.o(i.OLED_Clear) refers to oled.o(i.OLED_WR_CMD) for OLED_WR_CMD
    oled.o(i.OLED_Clear) refers to oled.o(i.OLED_WR_DATA) for OLED_WR_DATA
[...]
    ../Drivers/STM32F1xx_HAL_Driver/Src/stm32f1xx_hal_pwr.c 0x00000000   Number         0  stm32f1xx_hal_pwr.o ABSOLUTE
    ../Drivers/STM32F1xx_HAL_Driver/Src/stm32f1xx_hal_rcc.c 0x00000000   Number         0  stm32f1xx_hal_rcc.o ABSOLUTE
    ../Drivers/STM32F1xx_HAL_Driver/Src/stm32f1xx_hal_rcc_ex.c 0x00000000   Number         0  stm32f1xx_hal_rcc_ex.o ABSOLUTE
    ../Drivers/STM32F1xx_HAL_Driver/Src/stm32f1xx_hal_tim.c 0x00000000   Number         0  stm32f1xx_hal_tim.o ABSOLUTE
    ../Drivers/STM32F1xx_HAL_Driver/Src/stm32f1xx_hal_tim_ex.c 0x00000000   Number         0  stm32f1xx_hal_tim_ex.o ABSOLUTE
    ../Drivers/STM32F1xx_HAL_Driver/Src/stm32f1xx_hal_uart.c 0x00000000   Number         0  stm32f1xx_hal_uart.o ABSOLUTE
    ../clib/microlib/division.c              0x00000000   Number         0  uldiv.o ABSOLUTE
    ../clib/microlib/division.c              0x00000000   Number         0  uidiv.o ABSOLUTE
    ../clib/microlib/init/entry.s            0x00000000   Number         0  entry12b.o ABSOLUTE
    ../clib/microlib/init/entry.s            0x00000000   Number         0  entry11a.o ABSOLUTE
    ../clib/microlib/init/entry.s            0x00000000   Number         0  entry12a.o ABSOLUTE
    ../clib/microlib/init/entry.s            0x00000000   Number         0  entry11b.o ABSOLUTE
    ../clib/microlib/init/entry.s            0x00000000   Number         0  entry10b.o ABSOLUTE
    ../clib/microlib/init/entry.s            0x00000000   Number         0  entry7b.o ABSOLUTE
    ../clib/microlib/init/entry.s            0x00000000   Number         0  entry10a.o ABSOLUTE
    ../clib/microlib/init/entry.s            0x00000000   Number         0  entry2.o ABSOLUTE
    ../clib/microlib/init/entry.s            0x00000000   Number         0  entry5.o ABSOLUTE
    ../clib/microlib/init/entry.s            0x00000000   Number         0  entry8b.o ABSOLUTE
    ../clib/microlib/init/entry.s            0x00000000   Number         0  entry7a.o ABSOLUTE
    ../clib/microlib/init/entry.s            0x00000000   Number         0  entry9a.o ABSOLUTE
    ../clib/microlib/init/entry.s            0x00000000   Number         0  entry.o ABSOLUTE
    ../clib/microlib/init/entry.s            0x00000000   Number         0  entry8a.o ABSOLUTE
    ../clib/microlib/init/entry.s            0x00000000   Number         0  entry9b.o ABSOLUTE
    ../clib/microlib/longlong.c              0x00000000   Number         0  llshl.o ABSOLUTE
    ../clib/microlib/longlong.c              0x00000000   Number         0  llsshr.o ABSOLUTE
    ../clib/microlib/longlong.c              0x00000000   Number         0  llushr.o ABSOLUTE
    ../clib/microlib/printf/printf.c         0x00000000   Number         0  printfa.o ABSOLUTE
    ../clib/microlib/printf/printf.c         0x00000000   Number         0  printf2.o ABSOLUTE
    ../clib/microlib/printf/printf.c         0x00000000   Number         0  printf3.o ABSOLUTE
    ../clib/microlib/printf/printf.c         0x00000000   Number         0  printf0.o ABSOLUTE
    ../clib/microlib/printf/printf.c         0x00000000   Number         0  printf4.o ABSOLUTE
    ../clib/microlib/printf/printf.c         0x00000000   Number         0  printf6.o ABSOLUTE
    ../clib/microlib/printf/printf.c         0x00000000   Number         0  printfb.o ABSOLUTE
    ../clib/microlib/printf/printf.c         0x00000000   Number         0  printf1.o ABSOLUTE
    ../clib/microlib/printf/printf.c         0x00000000   Number         0  printf5.o ABSOLUTE
    ../clib/microlib/printf/printf.c         0x00000000   Number         0  printf7.o ABSOLUTE
    ../clib/microlib/printf/printf.c         0x00000000   Number         0  printf8.o ABSOLUTE
    ../clib/microlib/printf/stubs.s          0x00000000   Number         0  stubs.o ABSOLUTE
    ../clib/microlib/stdio/streams.c         0x00000000   Number         0  stdout.o ABSOLUTE
    ../clib/microlib/string/memset.c         0x00000000   Number         0  memseta.o ABSOLUTE
    ../clib/microlib/stubs.s                 0x00000000   Number         0  iusefp.o ABSOLUTE
    ../fplib/microlib/d2f.c                  0x00000000   Number         0  d2f.o ABSOLUTE
    ../fplib/microlib/f2d.c                  0x00000000   Number         0  f2d.o ABSOLUTE
    ../fplib/microlib/fpadd.c                0x00000000   Number         0  dadd.o ABSOLUTE
    ../fplib/microlib/fpadd.c                0x00000000   Number         0  fadd.o ABSOLUTE
    ../fplib/microlib/fpdiv.c                0x00000000   Number         0  ddiv.o ABSOLUTE
    ../fplib/microlib/fpepilogue.c           0x00000000   Number         0  depilogue.o ABSOLUTE
    ../fplib/microlib/fpepilogue.c           0x00000000   Number         0  fepilogue.o ABSOLUTE
    ../fplib/microlib/fpfix.c                0x00000000   Number         0  ffixi.o ABSOLUTE
    ../fplib/microlib/fpfix.c                0x00000000   Number         0  dfixul.o ABSOLUTE
    ../fplib/microlib/fpfix.c                0x00000000   Number         0  ffixui.o ABSOLUTE
    ../fplib/microlib/fpflt.c                0x00000000   Number         0  dfltui.o ABSOLUTE
    ../fplib/microlib/fpflt.c                0x00000000   Number         0  dflti.o ABSOLUTE
    ../fplib/microlib/fpflt.c                0x00000000   Number         0  fflti.o ABSOLUTE
    ../fplib/microlib/fpmul.c                0x00000000   Number         0  dmul.o ABSOLUTE
    ../fplib/microlib/fpmul.c                0x00000000   Number         0  fmul.o ABSOLUTE
    ../fplib/microlib/fpscalb.c              0x00000000   Number         0  dscalb.o ABSOLUTE
    ..\Core\Src\adc.c                        0x00000000   Number         0  adc.o ABSOLUTE
    ..\Core\Src\display.c                    0x00000000   Number         0  display.o ABSOLUTE
    ..\Core\Src\ds18b20.c                    0x00000000   Number         0  ds18b20.o ABSOLUTE
    ..\Core\Src\gp2y0a21.c                   0x00000000   Number         0  gp2y0a21.o ABSOLUTE
    ..\Core\Src\gpio.c                       0x00000000   Number         0  gpio.o ABSOLUTE
    ..\Core\Src\i2c.c                        0x00000000   Number         0  i2c.o ABSOLUTE
    ..\Core\Src\main.c                       0x00000000   Number         0  main.o ABSOLUTE
    ..\Core\Src\oled.c                       0x00000000   Number         0  oled.o ABSOLUTE
    ..\Core\Src\stm32f1xx_hal_msp.c          0x00000000   Number         0  stm32f1xx_hal_msp.o ABSOLUTE
    ..\Core\Src\stm32f1xx_it.c               0x00000000   Number         0  stm32f1xx_it.o ABSOLUTE
    ..\Core\Src\system_stm32f1xx.c           0x00000000   Number         0  system_stm32f1xx.o ABSOLUTE
    ..\Core\Src\templevel.c                  0x00000000   Number         0  templevel.o ABSOLUTE
    ..\Core\Src\tim.c                        0x00000000   Number         0  tim.o ABSOLUTE
    ..\Core\Src\usart.c                      0x00000000   Number         0  usart.o ABSOLUTE
    ..\Core\Src\warning.c                    0x00000000   Number         0  warning.o ABSOLUTE
    ..\Core\Src\waterlevel.c                 0x00000000   Number         0  waterlevel.o ABSOLUTE
    ..\Drivers\STM32F1xx_HAL_Driver\Src\stm32f1xx_hal.c 0x00000000   Number         0  stm32f1xx_hal.o ABSOLUTE
    ..\Drivers\STM32F1xx_HAL_Driver\Src\stm32f1xx_hal_adc.c 0x00000000   Number         0  stm32f1xx_hal_adc.o ABSOLUTE
    ..\Drivers\STM32F1xx_HAL_Driver\Src\stm32f1xx_hal_adc_ex.c 0x00000000   Number         0  stm32f1xx_hal_adc_ex.o ABSOLUTE
    ..\Drivers\STM32F1xx_HAL_Driver\Src\stm32f1xx_hal_cortex.c 0x00000000   Number         0  stm32f1xx_hal_cortex.o ABSOLUTE
    ..\Drivers\STM32F1xx_HAL_Driver\Src\stm32f1xx_hal_dma.c 0x00000000   Number         0  stm32f1xx_hal_dma.o ABSOLUTE
    ..\Drivers\STM32F1xx_HAL_Driver\Src\stm32f1xx_hal_exti.c 0x00000000   Number         0  stm32f1xx_hal_exti.o ABSOLUTE
    ..\Drivers\STM32F1xx_HAL_Driver\Src\stm32f1xx_hal_flash.c 0x00000000   Number         0  stm32f1xx_hal_flash.o ABSOLUTE
    ..\Drivers\STM32F1xx_HAL_Driver\Src\stm32f1xx_hal_flash_ex.c 0x00000000   Number         0  stm32f1xx_hal_flash_ex.o ABSOLUTE
    ..\Drivers\STM32F1xx_HAL_Driver\Src\stm32f1xx_hal_gpio.c 0x00000000   Number         0  stm32f1xx_hal_gpio.o ABSOLUTE
    ..\Drivers\STM32F1xx_HAL_Driver\Src\stm32f1xx_hal_gpio_ex.c 0x00000000   Number         0  stm32f1xx_hal_gpio_ex.o ABSOLUTE
    ..\Drivers\STM32F1xx_HAL_Driver\Src\stm32f1xx_hal_i2c.c 0x00000000   Number         0  stm32f1xx_hal_i2c.o ABSOLUTE
    ..\Drivers\STM32F1xx_HAL_Driver\Src\stm32f1xx_hal_pwr.c 0x00000000   Number         0  stm32f1xx_hal_pwr.o ABSOLUTE
    ..\Drivers\STM32F1xx_HAL_Driver\Src\stm32f1xx_hal_rcc.c 0x00000000   Number         0  stm32f1xx_hal_rcc.o ABSOLUTE
    ..\Drivers\STM32F1xx_HAL_Driver\Src\stm32f1xx_hal_rcc_ex.c 0x00000000   Number         0  stm32f1xx_hal_rcc_ex.o ABSOLUTE
    ..\Drivers\STM32F1xx_HAL_Driver\Src\stm32f1xx_hal_tim.c 0x00000000   Number         0  stm32f1xx_hal_tim.o ABSOLUTE
    ..\Drivers\STM32F1xx_HAL_Driver\Src\stm32f1xx_hal_tim_ex.c 0x00000000   Number         0  stm32f1xx_hal_tim_ex.o ABSOLUTE
    ..\Drivers\STM32F1xx_HAL_Driver\Src\stm32f1xx_hal_uart.c 0x00000000   Number         0  stm32f1xx_hal_uart.o ABSOLUTE
    ..\\Core\\Src\\display.c                 0x00000000   Number         0  display.o ABSOLUTE
    ..\\Core\\Src\\ds18b20.c                 0x00000000   Number         0  ds18b20.o ABSOLUTE
    ..\\Core\\Src\\gp2y0a21.c                0x00000000   Number         0  gp2y0a21.o ABSOLUTE
    ..\\Core\\Src\\oled.c                    0x00000000   Number         0  oled.o ABSOLUTE
    ..\\Core\\Src\\templevel.c               0x00000000   Number         0  templevel.o ABSOLUTE
    ..\\Core\\Src\\warning.c                 0x00000000   Number         0  warning.o ABSOLUTE
    ..\\Core\\Src\\waterlevel.c              0x00000000   Number         0  waterlevel.o ABSOLUTE
    cdrcmple.s                               0x00000000   Number         0  cdrcmple.o ABSOLUTE
    cfcmple.s                                0x00000000   Number         0  cfcmple.o ABSOLUTE
    cfrcmple.s                               0x00000000   Number         0  cfrcmple.o ABSOLUTE
    dc.s                                     0x00000000   Number         0  dc.o ABSOLUTE
    handlers.s                               0x00000000   Number         0  handlers.o ABSOLUTE
    init.s                                   0x00000000   Number         0  init.o ABSOLUTE
    startup_stm32f103xe.s                    0x00000000   Number         0  startup_stm32f103xe.o ABSOLUTE
    RESET                                    0x08000000   Section      304  startup_stm32f103xe.o(RESET)
    .ARM.Collect$$$$00000000                 0x08000130   Section        0  entry.o(.ARM.Collect$$$$00000000)
    .ARM.Collect$$$$00000001                 0x08000130   Section        4  entry2.o(.ARM.Collect$$$$00000001)
    .ARM.Collect$$$$00000004                 0x08000134   Section        4  entry5.o(.ARM.Collect$$$$00000004)
    .ARM.Collect$$$$00000008                 0x08000138   Section        0  entry7b.o(.ARM.Collect$$$$00000008)
    .ARM.Collect$$$$0000000A                 0x08000138   Section        0  entry8b.o(.ARM.Collect$$$$0000000A)
    .ARM.Collect$$$$0000000B                 0x08000138   Section        8  entry9a.o(.ARM.Collect$$$$0000000B)
    .ARM.Collect$$$$0000000E                 0x08000140   Section        4  entry12b.o(.ARM.Collect$$$$0000000E)
    .ARM.Collect$$$$0000000F                 0x08000144   Section        0  entry10a.o(.ARM.Collect$$$$0000000F)
    .ARM.Collect$$$$00000011                 0x08000144   Section        0  entry11a.o(.ARM.Collect$$$$00000011)
    .ARM.Collect$$$$00002712                 0x08000144   Section        4  entry2.o(.ARM.Collect$$$$00002712)
    __lit__00000000                          0x08000144   Data           4  entry2.o(.ARM.Collect$$$$00002712)
    .text                                    0x08000148   Section       36  startup_stm32f103xe.o(.text)
    .text                                    0x0800016c   Section        0  llushr.o(.text)
    .text                                    0x0800018c   Section        0  memseta.o(.text)
    .text                                    0x080001b0   Section        0  fadd.o(.text)
    .text                                    0x08000260   Section        0  fmul.o(.text)
    .text                                    0x080002c4   Section        0  dmul.o(.text)
    .text                                    0x080003a8   Section        0  dscalb.o(.text)
    .text                                    0x080003d6   Section        0  fflti.o(.text)
    .text                                    0x080003e8   Section        0  dflti.o(.text)
    .text                                    0x0800040a   Section        0  dfltui.o(.text)
    .text                                    0x08000424   Section        0  ffixi.o(.text)
    .text                                    0x08000456   Section        0  ffixui.o(.text)
    .text                                    0x0800047e   Section        0  f2d.o(.text)
    .text                                    0x080004a4   Section        0  d2f.o(.text)
    .text                                    0x080004dc   Section       20  cfcmple.o(.text)
    .text                                    0x080004f0   Section       20  cfrcmple.o(.text)
    .text                                    0x08000504   Section        0  uidiv.o(.text)
    .text                                    0x08000530   Section        0  uldiv.o(.text)
    .text                                    0x08000592   Section        0  fepilogue.o(.text)
    .text                                    0x08000592   Section        0  iusefp.o(.text)
    .text                                    0x08000600   Section        0  depilogue.o(.text)
    .text                                    0x080006ba   Section        0  dadd.o(.text)
    .text                                    0x08000808   Section        0  ddiv.o(.text)
    .text                                    0x080008e6   Section        0  dfixul.o(.text)
    .text                                    0x08000918   Section       48  cdrcmple.o(.text)
    .text                                    0x08000948   Section       36  init.o(.text)
    .text                                    0x0800096c   Section        0  llshl.o(.text)
    .text                                    0x0800098a   Section        0  llsshr.o(.text)
    i.ADC_ConversionStop_Disable             0x080009b0   Section        0  stm32f1xx_hal_adc.o(i.ADC_ConversionStop_Disable)
    i.ADC_Enable                             0x080009fc   Section        0  stm32f1xx_hal_adc.o(i.ADC_Enable)
    i.Add_Hot                                0x08000a6c   Section        0  templevel.o(i.Add_Hot)
    i.Add_Hot_Timing                         0x08000a98   Section        0  templevel.o(i.Add_Hot_Timing)
    i.BusFault_Handler                       0x08000ac0   Section        0  stm32f1xx_it.o(i.BusFault_Handler)
    i.DS18B20_Check                          0x08000ac4   Section        0  ds18b20.o(i.DS18B20_Check)
    i.DS18B20_GetTemperture                  0x08000b20   Section        0  ds18b20.o(i.DS18B20_GetTemperture)
    i.DS18B20_IO_IN                          0x08000b80   Section        0  ds18b20.o(i.DS18B20_IO_IN)
    i.DS18B20_IO_OUT                         0x08000ba4   Section        0  ds18b20.o(i.DS18B20_IO_OUT)
    i.DS18B20_Init                           0x08000bc4   Section        0  ds18b20.o(i.DS18B20_Init)
    i.DS18B20_Read_Bit                       0x08000c08   Section        0  ds18b20.o(i.DS18B20_Read_Bit)
    i.DS18B20_Read_Byte                      0x08000c58   Section        0  ds18b20.o(i.DS18B20_Read_Byte)
    i.DS18B20_Reset                          0x08000c78   Section        0  ds18b20.o(i.DS18B20_Reset)
    i.DS18B20_Start                          0x08000cb0   Section        0  ds18b20.o(i.DS18B20_Start)
    i.DS18B20_Test                           0x08000ccc   Section        0  ds18b20.o(i.DS18B20_Test)
    i.DS18B20_Write_Byte                     0x08000d24   Section        0  ds18b20.o(i.DS18B20_Write_Byte)
    i.DebugMon_Handler                       0x08000d88   Section        0  stm32f1xx_it.o(i.DebugMon_Handler)
    i.Display_Init                           0x08000d8a   Section        0  display.o(i.Display_Init)
    i.Error_Handler                          0x08000e8e   Section        0  main.o(i.Error_Handler)
    i.GP2Y0A21_GetDistance                   0x08000e94   Section        0  gp2y0a21.o(i.GP2Y0A21_GetDistance)
    i.HAL_ADC_ConfigChannel                  0x08000ee8   Section        0  stm32f1xx_hal_adc.o(i.HAL_ADC_ConfigChannel)
    i.HAL_ADC_GetValue                       0x08000fe4   Section        0  stm32f1xx_hal_adc.o(i.HAL_ADC_GetValue)
    i.HAL_ADC_Init                           0x08000fec   Section        0  stm32f1xx_hal_adc.o(i.HAL_ADC_Init)
    i.HAL_ADC_MspInit                        0x0800110c   Section        0  adc.o(i.HAL_ADC_MspInit)
    i.HAL_ADC_PollForConversion              0x08001164   Section        0  stm32f1xx_hal_adc.o(i.HAL_ADC_PollForConversion)
    i.HAL_ADC_Start                          0x08001294   Section        0  stm32f1xx_hal_adc.o(i.HAL_ADC_Start)
    i.HAL_DMA_Abort_IT                       0x08001354   Section        0  stm32f1xx_hal_dma.o(i.HAL_DMA_Abort_IT)
    i.HAL_Delay                              0x08001484   Section        0  stm32f1xx_hal.o(i.HAL_Delay)
    i.HAL_Delay_us                           0x080014a8   Section        0  tim.o(i.HAL_Delay_us)
    i.HAL_GPIO_Init                          0x080014d8   Section        0  stm32f1xx_hal_gpio.o(i.HAL_GPIO_Init)
    i.HAL_GPIO_ReadPin                       0x080016d0   Section        0  stm32f1xx_hal_gpio.o(i.HAL_GPIO_ReadPin)
    i.HAL_GPIO_TogglePin                     0x080016da   Section        0  stm32f1xx_hal_gpio.o(i.HAL_GPIO_TogglePin)
    i.HAL_GPIO_WritePin                      0x080016ea   Section        0  stm32f1xx_hal_gpio.o(i.HAL_GPIO_WritePin)
    i.HAL_GetTick                            0x080016f4   Section        0  stm32f1xx_hal.o(i.HAL_GetTick)
    i.HAL_I2C_Init                           0x08001700   Section        0  stm32f1xx_hal_i2c.o(i.HAL_I2C_Init)
    i.HAL_I2C_Mem_Write                      0x08001888   Section        0  stm32f1xx_hal_i2c.o(i.HAL_I2C_Mem_Write)
    i.HAL_I2C_MspInit                        0x080019b8   Section        0  i2c.o(i.HAL_I2C_MspInit)
    i.HAL_IncTick                            0x08001a14   Section        0  stm32f1xx_hal.o(i.HAL_IncTick)
    i.HAL_Init                               0x08001a24   Section        0  stm32f1xx_hal.o(i.HAL_Init)
    i.HAL_InitTick                           0x08001a48   Section        0  stm32f1xx_hal.o(i.HAL_InitTick)
    i.HAL_MspInit                            0x08001a88   Section        0  stm32f1xx_hal_msp.o(i.HAL_MspInit)
    i.HAL_NVIC_EnableIRQ                     0x08001ac4   Section        0  stm32f1xx_hal_cortex.o(i.HAL_NVIC_EnableIRQ)
    i.HAL_NVIC_SetPriority                   0x08001ae0   Section        0  stm32f1xx_hal_cortex.o(i.HAL_NVIC_SetPriority)
    i.HAL_NVIC_SetPriorityGrouping           0x08001b20   Section        0  stm32f1xx_hal_cortex.o(i.HAL_NVIC_SetPriorityGrouping)
    i.HAL_RCCEx_GetPeriphCLKFreq             0x08001b44   Section        0  stm32f1xx_hal_rcc_ex.o(i.HAL_RCCEx_GetPeriphCLKFreq)
    i.HAL_RCCEx_PeriphCLKConfig              0x08001c18   Section        0  stm32f1xx_hal_rcc_ex.o(i.HAL_RCCEx_PeriphCLKConfig)
    i.HAL_RCC_ClockConfig                    0x08001d04   Section        0  stm32f1xx_hal_rcc.o(i.HAL_RCC_ClockConfig)
    i.HAL_RCC_GetPCLK1Freq                   0x08001e30   Section        0  stm32f1xx_hal_rcc.o(i.HAL_RCC_GetPCLK1Freq)
    i.HAL_RCC_GetPCLK2Freq                   0x08001e50   Section        0  stm32f1xx_hal_rcc.o(i.HAL_RCC_GetPCLK2Freq)
    i.HAL_RCC_GetSysClockFreq                0x08001e70   Section        0  stm32f1xx_hal_rcc.o(i.HAL_RCC_GetSysClockFreq)
    i.HAL_RCC_OscConfig                      0x08001edc   Section        0  stm32f1xx_hal_rcc.o(i.HAL_RCC_OscConfig)
    i.HAL_SYSTICK_Config                     0x080021fc   Section        0  stm32f1xx_hal_cortex.o(i.HAL_SYSTICK_Config)
    i.HAL_TIMEx_BreakCallback                0x08002224   Section        0  stm32f1xx_hal_tim_ex.o(i.HAL_TIMEx_BreakCallback)
    i.HAL_TIMEx_CommutCallback               0x08002226   Section        0  stm32f1xx_hal_tim_ex.o(i.HAL_TIMEx_CommutCallback)
    i.HAL_TIMEx_ConfigBreakDeadTime          0x08002228   Section        0  stm32f1xx_hal_tim_ex.o(i.HAL_TIMEx_ConfigBreakDeadTime)
    i.HAL_TIMEx_MasterConfigSynchronization  0x0800227c   Section        0  stm32f1xx_hal_tim_ex.o(i.HAL_TIMEx_MasterConfigSynchronization)
    i.HAL_TIM_Base_Init                      0x080022f8   Section        0  stm32f1xx_hal_tim.o(i.HAL_TIM_Base_Init)
    i.HAL_TIM_Base_MspInit                   0x08002354   Section        0  tim.o(i.HAL_TIM_Base_MspInit)
    i.HAL_TIM_Base_Start                     0x08002390   Section        0  stm32f1xx_hal_tim.o(i.HAL_TIM_Base_Start)
    i.HAL_TIM_Base_Stop                      0x080023f4   Section        0  stm32f1xx_hal_tim.o(i.HAL_TIM_Base_Stop)
    i.HAL_TIM_IC_CaptureCallback             0x0800241a   Section        0  stm32f1xx_hal_tim.o(i.HAL_TIM_IC_CaptureCallback)
    i.HAL_TIM_IRQHandler                     0x0800241c   Section        0  stm32f1xx_hal_tim.o(i.HAL_TIM_IRQHandler)
    i.HAL_TIM_MspPostInit                    0x08002584   Section        0  tim.o(i.HAL_TIM_MspPostInit)
    i.HAL_TIM_OC_DelayElapsedCallback        0x080025e8   Section        0  stm32f1xx_hal_tim.o(i.HAL_TIM_OC_DelayElapsedCallback)
    i.HAL_TIM_PWM_ConfigChannel              0x080025ea   Section        0  stm32f1xx_hal_tim.o(i.HAL_TIM_PWM_ConfigChannel)
    i.HAL_TIM_PWM_Init                       0x080026b0   Section        0  stm32f1xx_hal_tim.o(i.HAL_TIM_PWM_Init)
    i.HAL_TIM_PWM_MspInit                    0x0800270c   Section        0  tim.o(i.HAL_TIM_PWM_MspInit)
    i.HAL_TIM_PWM_PulseFinishedCallback      0x08002734   Section        0  stm32f1xx_hal_tim.o(i.HAL_TIM_PWM_PulseFinishedCallback)
    i.HAL_TIM_PWM_Start                      0x08002738   Section        0  stm32f1xx_hal_tim.o(i.HAL_TIM_PWM_Start)
    i.HAL_TIM_PWM_Stop                       0x080027ec   Section        0  stm32f1xx_hal_tim.o(i.HAL_TIM_PWM_Stop)
    i.HAL_TIM_PeriodElapsedCallback          0x08002868   Section        0  stm32f1xx_hal_tim.o(i.HAL_TIM_PeriodElapsedCallback)
    i.HAL_TIM_TriggerCallback                0x0800286a   Section        0  stm32f1xx_hal_tim.o(i.HAL_TIM_TriggerCallback)
    i.HAL_UART_ErrorCallback                 0x0800286c   Section        0  stm32f1xx_hal_uart.o(i.HAL_UART_ErrorCallback)
    i.HAL_UART_IRQHandler                    0x08002870   Section        0  stm32f1xx_hal_uart.o(i.HAL_UART_IRQHandler)
    i.HAL_UART_Init                          0x080029cc   Section        0  stm32f1xx_hal_uart.o(i.HAL_UART_Init)
    i.HAL_UART_MspInit                       0x08002a30   Section        0  usart.o(i.HAL_UART_MspInit)
    i.HAL_UART_ReceiveData                   0x08002ab0   Section        0  stm32f1xx_hal_uart.o(i.HAL_UART_ReceiveData)
    i.HAL_UART_RxCpltCallback                0x08002ab6   Section        0  stm32f1xx_hal_uart.o(i.HAL_UART_RxCpltCallback)
    i.HAL_UART_Transmit                      0x08002ab8   Section        0  stm32f1xx_hal_uart.o(i.HAL_UART_Transmit)
    i.HAL_UART_TxCpltCallback                0x08002b6a   Section        0  stm32f1xx_hal_uart.o(i.HAL_UART_TxCpltCallback)
    i.HardFault_Handler                      0x08002b6c   Section        0  stm32f1xx_it.o(i.HardFault_Handler)
    i.I2C_IsAcknowledgeFailed                0x08002b6e   Section        0  stm32f1xx_hal_i2c.o(i.I2C_IsAcknowledgeFailed)
    I2C_IsAcknowledgeFailed                  0x08002b6f   Thumb Code    46  stm32f1xx_hal_i2c.o(i.I2C_IsAcknowledgeFailed)
    i.I2C_RequestMemoryWrite                 0x08002b9c   Section        0  stm32f1xx_hal_i2c.o(i.I2C_RequestMemoryWrite)
    I2C_RequestMemoryWrite                   0x08002b9d   Thumb Code   162  stm32f1xx_hal_i2c.o(i.I2C_RequestMemoryWrite)
    i.I2C_WaitOnBTFFlagUntilTimeout          0x08002c44   Section        0  stm32f1xx_hal_i2c.o(i.I2C_WaitOnBTFFlagUntilTimeout)
    I2C_WaitOnBTFFlagUntilTimeout            0x08002c45   Thumb Code    76  stm32f1xx_hal_i2c.o(i.I2C_WaitOnBTFFlagUntilTimeout)
    i.I2C_WaitOnFlagUntilTimeout             0x08002c90   Section        0  stm32f1xx_hal_i2c.o(i.I2C_WaitOnFlagUntilTimeout)
    I2C_WaitOnFlagUntilTimeout               0x08002c91   Thumb Code   104  stm32f1xx_hal_i2c.o(i.I2C_WaitOnFlagUntilTimeout)
    i.I2C_WaitOnMasterAddressFlagUntilTimeout 0x08002cf8   Section        0  stm32f1xx_hal_i2c.o(i.I2C_WaitOnMasterAddressFlagUntilTimeout)
    I2C_WaitOnMasterAddressFlagUntilTimeout  0x08002cf9   Thumb Code   150  stm32f1xx_hal_i2c.o(i.I2C_WaitOnMasterAddressFlagUntilTimeout)
    i.I2C_WaitOnTXEFlagUntilTimeout          0x08002d8e   Section        0  stm32f1xx_hal_i2c.o(i.I2C_WaitOnTXEFlagUntilTimeout)
    I2C_WaitOnTXEFlagUntilTimeout            0x08002d8f   Thumb Code    76  stm32f1xx_hal_i2c.o(i.I2C_WaitOnTXEFlagUntilTimeout)
    i.MX_ADC1_Init                           0x08002ddc   Section        0  adc.o(i.MX_ADC1_Init)
    i.MX_GPIO_Init                           0x08002e28   Section        0  gpio.o(i.MX_GPIO_Init)
    i.MX_I2C1_Init                           0x08002f78   Section        0  i2c.o(i.MX_I2C1_Init)
    i.MX_TIM1_Init                           0x08002fb8   Section        0  tim.o(i.MX_TIM1_Init)
    i.MX_TIM6_Init                           0x0800306c   Section        0  tim.o(i.MX_TIM6_Init)
    i.MX_USART1_UART_Init                    0x080030b0   Section        0  usart.o(i.MX_USART1_UART_Init)
    i.MemManage_Handler                      0x080030e8   Section        0  stm32f1xx_it.o(i.MemManage_Handler)
    i.NMI_Handler                            0x080030ea   Section        0  stm32f1xx_it.o(i.NMI_Handler)
    i.OLED_Clear                             0x080030ec   Section        0  oled.o(i.OLED_Clear)
    i.OLED_Init                              0x08003120   Section        0  oled.o(i.OLED_Init)
    i.OLED_Set_Pos                           0x08003130   Section        0  oled.o(i.OLED_Set_Pos)
    i.OLED_ShowChar                          0x08003154   Section        0  oled.o(i.OLED_ShowChar)
    i.OLED_ShowChinese                       0x080031dc   Section        0  oled.o(i.OLED_ShowChinese)
    i.OLED_ShowNum                           0x0800322c   Section        0  oled.o(i.OLED_ShowNum)
    i.OLED_WR_CMD                            0x08003298   Section        0  oled.o(i.OLED_WR_CMD)
    i.OLED_WR_DATA                           0x080032bc   Section        0  oled.o(i.OLED_WR_DATA)
    i.PendSV_Handler                         0x080032e0   Section        0  stm32f1xx_it.o(i.PendSV_Handler)
    i.SVC_Handler                            0x080032e2   Section        0  stm32f1xx_it.o(i.SVC_Handler)
    i.SysTick_Handler                        0x080032e4   Section        0  stm32f1xx_it.o(i.SysTick_Handler)
    i.SystemClock_Config                     0x080032e8   Section        0  main.o(i.SystemClock_Config)
    i.SystemInit                             0x08003362   Section        0  system_stm32f1xx.o(i.SystemInit)
    i.TIM6_IRQHandler                        0x08003364   Section        0  stm32f1xx_it.o(i.TIM6_IRQHandler)
    i.TIM_Base_SetConfig                     0x08003370   Section        0  stm32f1xx_hal_tim.o(i.TIM_Base_SetConfig)
    i.TIM_CCxChannelCmd                      0x080033fc   Section        0  stm32f1xx_hal_tim.o(i.TIM_CCxChannelCmd)
    i.TIM_OC1_SetConfig                      0x08003418   Section        0  stm32f1xx_hal_tim.o(i.TIM_OC1_SetConfig)
    TIM_OC1_SetConfig                        0x08003419   Thumb Code    88  stm32f1xx_hal_tim.o(i.TIM_OC1_SetConfig)
    i.TIM_OC2_SetConfig                      0x08003478   Section        0  stm32f1xx_hal_tim.o(i.TIM_OC2_SetConfig)
    i.TIM_OC3_SetConfig                      0x080034e4   Section        0  stm32f1xx_hal_tim.o(i.TIM_OC3_SetConfig)
    TIM_OC3_SetConfig                        0x080034e5   Thumb Code    96  stm32f1xx_hal_tim.o(i.TIM_OC3_SetConfig)
    i.TIM_OC4_SetConfig                      0x0800354c   Section        0  stm32f1xx_hal_tim.o(i.TIM_OC4_SetConfig)
    TIM_OC4_SetConfig                        0x0800354d   Thumb Code    70  stm32f1xx_hal_tim.o(i.TIM_OC4_SetConfig)
    i.Temprature_Warning                     0x0800359c   Section        0  warning.o(i.Temprature_Warning)
    i.UART_DMAAbortOnError                   0x08003608   Section        0  stm32f1xx_hal_uart.o(i.UART_DMAAbortOnError)
    UART_DMAAbortOnError                     0x08003609   Thumb Code    16  stm32f1xx_hal_uart.o(i.UART_DMAAbortOnError)
    i.UART_EndRxTransfer                     0x08003618   Section        0  stm32f1xx_hal_uart.o(i.UART_EndRxTransfer)
    UART_EndRxTransfer                       0x08003619   Thumb Code    28  stm32f1xx_hal_uart.o(i.UART_EndRxTransfer)
    i.UART_Receive_IT                        0x08003634   Section        0  stm32f1xx_hal_uart.o(i.UART_Receive_IT)
    UART_Receive_IT                          0x08003635   Thumb Code   140  stm32f1xx_hal_uart.o(i.UART_Receive_IT)
    i.UART_SetConfig                         0x080036c0   Section        0  stm32f1xx_hal_uart.o(i.UART_SetConfig)
    UART_SetConfig                           0x080036c1   Thumb Code   178  stm32f1xx_hal_uart.o(i.UART_SetConfig)
    i.UART_WaitOnFlagUntilTimeout            0x08003778   Section        0  stm32f1xx_hal_uart.o(i.UART_WaitOnFlagUntilTimeout)
    UART_WaitOnFlagUntilTimeout              0x08003779   Thumb Code   100  stm32f1xx_hal_uart.o(i.UART_WaitOnFlagUntilTimeout)
    i.USART1_IRQHandler                      0x080037dc   Section        0  stm32f1xx_it.o(i.USART1_IRQHandler)
    i.UsageFault_Handler                     0x080037e8   Section        0  stm32f1xx_it.o(i.UsageFault_Handler)
    i.Water_Level                            0x080037ec   Section        0  waterlevel.o(i.Water_Level)
    i.Waterlevel_Warning                     0x08003844   Section        0  warning.o(i.Waterlevel_Warning)
    i.WriteCmd                               0x080038a4   Section        0  oled.o(i.WriteCmd)
    i.__0printf                              0x080038d8   Section        0  printfa.o(i.__0printf)
    i.__NVIC_SetPriority                     0x080038f8   Section        0  stm32f1xx_hal_cortex.o(i.__NVIC_SetPriority)
    __NVIC_SetPriority                       0x080038f9   Thumb Code    32  stm32f1xx_hal_cortex.o(i.__NVIC_SetPriority)
    i.__scatterload_copy                     0x08003918   Section       14  handlers.o(i.__scatterload_copy)
    i.__scatterload_null                     0x08003926   Section        2  handlers.o(i.__scatterload_null)
    i.__scatterload_zeroinit                 0x08003928   Section       14  handlers.o(i.__scatterload_zeroinit)
    i._fp_digits                             0x08003938   Section        0  printfa.o(i._fp_digits)
    _fp_digits                               0x08003939   Thumb Code   366  printfa.o(i._fp_digits)
    i._printf_core                           0x08003abc   Section        0  printfa.o(i._printf_core)
    _printf_core                             0x08003abd   Thumb Code  1704  printfa.o(i._printf_core)
    i._printf_post_padding                   0x08004170   Section        0  printfa.o(i._printf_post_padding)
    _printf_post_padding                     0x08004171   Thumb Code    36  printfa.o(i._printf_post_padding)
    i._printf_pre_padding                    0x08004194   Section        0  printfa.o(i._printf_pre_padding)
    _printf_pre_padding                      0x08004195   Thumb Code    46  printfa.o(i._printf_pre_padding)
    i.fputc                                  0x080041c4   Section        0  usart.o(i.fputc)
    i.main                                   0x080041dc   Section        0  main.o(i.main)
    i.oled_pow                               0x080043f0   Section        0  oled.o(i.oled_pow)
    .constdata                               0x08004400   Section    13276  oled.o(.constdata)
    .constdata                               0x080077dc   Section       16  system_stm32f1xx.o(.constdata)
    .constdata                               0x080077ec   Section        8  system_stm32f1xx.o(.constdata)
    .data                                    0x20000000   Section       27  oled.o(.data)
    .data                                    0x2000001c   Section       12  stm32f1xx_hal.o(.data)
    .data                                    0x20000028   Section        4  system_stm32f1xx.o(.data)
    .data                                    0x2000002c   Section        4  stdout.o(.data)
    .bss                                     0x20000030   Section       48  adc.o(.bss)
    .bss                                     0x20000060   Section       84  i2c.o(.bss)
    .bss                                     0x200000b4   Section      144  tim.o(.bss)
    .bss                                     0x20000144   Section       64  usart.o(.bss)
    STACK                                    0x20000188   Section     1024  startup_stm32f103xe.o(STACK)

    Global Symbols

    Symbol Name                              Value     Ov Type        Size  Object(Section)

    BuildAttributes$$THM_ISAv4$P$D$K$B$S$PE$A:L22UL41UL21$X:L11$S22US41US21$IEEE1$IW$USESV6$~STKCKD$USESV7$~SHL$OTIME$ROPI$EBA8$MICROLIB$REQ8$PRES8$EABIv2 0x00000000   Number         0  anon$$obj.o ABSOLUTE
    __ARM_use_no_argv                        0x00000000   Number         0  main.o ABSOLUTE
    _printf_a                                0x00000000   Number         0  stubs.o ABSOLUTE
    _printf_c                                0x00000000   Number         0  stubs.o ABSOLUTE
    _printf_charcount                        0x00000000   Number         0  stubs.o ABSOLUTE
    _printf_d                                0x00000000   Number         0  stubs.o ABSOLUTE
    _printf_e                                0x00000000   Number         0  stubs.o ABSOLUTE
    _printf_f                                0x00000000   Number         0  stubs.o ABSOLUTE
    _printf_flags                            0x00000000   Number         0  stubs.o ABSOLUTE
    _printf_fp_dec                           0x00000000   Number         0  stubs.o ABSOLUTE
    _printf_fp_hex                           0x00000000   Number         0  stubs.o ABSOLUTE
    _printf_g                                0x00000000   Number         0  stubs.o ABSOLUTE
    _printf_i                                0x00000000   Number         0  stubs.o ABSOLUTE
    _printf_int_dec                          0x00000000   Number         0  stubs.o ABSOLUTE
    _printf_l                                0x00000000   Number         0  stubs.o ABSOLUTE
    _printf_lc                               0x00000000   Number         0  stubs.o ABSOLUTE
    _printf_ll                               0x00000000   Number         0  stubs.o ABSOLUTE
    _printf_lld                              0x00000000   Number         0  stubs.o ABSOLUTE
    _printf_lli                              0x00000000   Number         0  stubs.o ABSOLUTE
    _printf_llo                              0x00000000   Number         0  stubs.o ABSOLUTE
    _printf_llu                              0x00000000   Number         0  stubs.o ABSOLUTE
    _printf_llx                              0x00000000   Number         0  stubs.o ABSOLUTE
    _printf_longlong_dec                     0x00000000   Number         0  stubs.o ABSOLUTE
    _printf_longlong_hex                     0x00000000   Number         0  stubs.o ABSOLUTE
    _printf_longlong_oct                     0x00000000   Number         0  stubs.o ABSOLUTE
    _printf_ls                               0x00000000   Number         0  stubs.o ABSOLUTE
    _printf_mbtowc                           0x00000000   Number         0  stubs.o ABSOLUTE
    _printf_n                                0x00000000   Number         0  stubs.o ABSOLUTE
    _printf_o                                0x00000000   Number         0  stubs.o ABSOLUTE
    _printf_p                                0x00000000   Number         0  stubs.o ABSOLUTE
    _printf_percent                          0x00000000   Number         0  stubs.o ABSOLUTE
    _printf_pre_padding                      0x00000000   Number         0  stubs.o ABSOLUTE
    _printf_return_value                     0x00000000   Number         0  stubs.o ABSOLUTE
    _printf_s                                0x00000000   Number         0  stubs.o ABSOLUTE
    _printf_sizespec                         0x00000000   Number         0  stubs.o ABSOLUTE
    _printf_str                              0x00000000   Number         0  stubs.o ABSOLUTE
    _printf_truncate_signed                  0x00000000   Number         0  stubs.o ABSOLUTE
    _printf_truncate_unsigned                0x00000000   Number         0  stubs.o ABSOLUTE
    _printf_u                                0x00000000   Number         0  stubs.o ABSOLUTE
    _printf_wc                               0x00000000   Number         0  stubs.o ABSOLUTE
    _printf_wctomb                           0x00000000   Number         0  stubs.o ABSOLUTE
    _printf_widthprec                        0x00000000   Number         0  stubs.o ABSOLUTE
    _printf_x                                0x00000000   Number         0  stubs.o ABSOLUTE
    __arm_fini_                               - Undefined Weak Reference
    __cpp_initialize__aeabi_                  - Undefined Weak Reference
    __cxa_finalize                            - Undefined Weak Reference
    __decompress                              - Undefined Weak Reference
    _clock_init                               - Undefined Weak Reference
    _microlib_exit                            - Undefined Weak Reference
    __Vectors_Size                           0x00000130   Number         0  startup_stm32f103xe.o ABSOLUTE
    __Vectors                                0x08000000   Data           4  startup_stm32f103xe.o(RESET)
    __Vectors_End                            0x08000130   Data           0  startup_stm32f103xe.o(RESET)
    __main                                   0x08000131   Thumb Code     0  entry.o(.ARM.Collect$$$$00000000)
    _main_stk                                0x08000131   Thumb Code     0  entry2.o(.ARM.Collect$$$$00000001)
    _main_scatterload                        0x08000135   Thumb Code     0  entry5.o(.ARM.Collect$$$$00000004)
    __main_after_scatterload                 0x08000139   Thumb Code     0  entry5.o(.ARM.Collect$$$$00000004)
    _main_clock                              0x08000139   Thumb Code     0  entry7b.o(.ARM.Collect$$$$00000008)
    _main_cpp_init                           0x08000139   Thumb Code     0  entry8b.o(.ARM.Collect$$$$0000000A)
    _main_init                               0x08000139   Thumb Code     0  entry9a.o(.ARM.Collect$$$$0000000B)
    __rt_lib_shutdown_fini                   0x08000141   Thumb Code     0  entry12b.o(.ARM.Collect$$$$0000000E)
    __rt_final_cpp                           0x08000145   Thumb Code     0  entry10a.o(.ARM.Collect$$$$0000000F)
    __rt_final_exit                          0x08000145   Thumb Code     0  entry11a.o(.ARM.Collect$$$$00000011)
    Reset_Handler                            0x08000149   Thumb Code     8  startup_stm32f103xe.o(.text)
    ADC1_2_IRQHandler                        0x08000163   Thumb Code     0  startup_stm32f103xe.o(.text)
    ADC3_IRQHandler                          0x08000163   Thumb Code     0  startup_stm32f103xe.o(.text)
    CAN1_RX1_IRQHandler                      0x08000163   Thumb Code     0  startup_stm32f103xe.o(.text)
    CAN1_SCE_IRQHandler                      0x08000163   Thumb Code     0  startup_stm32f103xe.o(.text)
    DMA1_Channel1_IRQHandler                 0x08000163   Thumb Code     0  startup_stm32f103xe.o(.text)
    DMA1_Channel2_IRQHandler                 0x08000163   Thumb Code     0  startup_stm32f103xe.o(.text)
    DMA1_Channel3_IRQHandler                 0x08000163   Thumb Code     0  startup_stm32f103xe.o(.text)
    DMA1_Channel4_IRQHandler                 0x08000163   Thumb Code     0  startup_stm32f103xe.o(.text)
    DMA1_Channel5_IRQHandler                 0x08000163   Thumb Code     0  startup_stm32f103xe.o(.text)
    DMA1_Channel6_IRQHandler                 0x08000163   Thumb Code     0  startup_stm32f103xe.o(.text)
    DMA1_Channel7_IRQHandler                 0x08000163   Thumb Code     0  startup_stm32f103xe.o(.text)
    DMA2_Channel1_IRQHandler                 0x08000163   Thumb Code     0  startup_stm32f103xe.o(.text)
    DMA2_Channel2_IRQHandler                 0x08000163   Thumb Code     0  startup_stm32f103xe.o(.text)
    DMA2_Channel3_IRQHandler                 0x08000163   Thumb Code     0  startup_stm32f103xe.o(.text)
    DMA2_Channel4_5_IRQHandler               0x08000163   Thumb Code     0  startup_stm32f103xe.o(.text)
    EXTI0_IRQHandler                         0x08000163   Thumb Code     0  startup_stm32f103xe.o(.text)
    EXTI15_10_IRQHandler                     0x08000163   Thumb Code     0  startup_stm32f103xe.o(.text)
    EXTI1_IRQHandler                         0x08000163   Thumb Code     0  startup_stm32f103xe.o(.text)
    EXTI2_IRQHandler                         0x08000163   Thumb Code     0  startup_stm32f103xe.o(.text)
    EXTI3_IRQHandler                         0x08000163   Thumb Code     0  startup_stm32f103xe.o(.text)
    EXTI4_IRQHandler                         0x08000163   Thumb Code     0  startup_stm32f103xe.o(.text)
    EXTI9_5_IRQHandler                       0x08000163   Thumb Code     0  startup_stm32f103xe.o(.text)
    FLASH_IRQHandler                         0x08000163   Thumb Code     0  startup_stm32f103xe.o(.text)
    FSMC_IRQHandler                          0x08000163   Thumb Code     0  startup_stm32f103xe.o(.text)
    I2C1_ER_IRQHandler                       0x08000163   Thumb Code     0  startup_stm32f103xe.o(.text)
    I2C1_EV_IRQHandler                       0x08000163   Thumb Code     0  startup_stm32f103xe.o(.text)
    I2C2_ER_IRQHandler                       0x08000163   Thumb Code     0  startup_stm32f103xe.o(.text)
    I2C2_EV_IRQHandler                       0x08000163   Thumb Code     0  startup_stm32f103xe.o(.text)
    PVD_IRQHandler                           0x08000163   Thumb Code     0  startup_stm32f103xe.o(.text)
    RCC_IRQHandler                           0x08000163   Thumb Code     0  startup_stm32f103xe.o(.text)
    RTC_Alarm_IRQHandler                     0x08000163   Thumb Code     0  startup_stm32f103xe.o(.text)
    RTC_IRQHandler                           0x08000163   Thumb Code     0  startup_stm32f103xe.o(.text)
    SDIO_IRQHandler                          0x08000163   Thumb Code     0  startup_stm32f103xe.o(.text)
    SPI1_IRQHandler                          0x08000163   Thumb Code     0  startup_stm32f103xe.o(.text)
    SPI2_IRQHandler                          0x08000163   Thumb Code     0  startup_stm32f103xe.o(.text)
    SPI3_IRQHandler                          0x08000163   Thumb Code     0  startup_stm32f103xe.o(.text)
    TAMPER_IRQHandler                        0x08000163   Thumb Code     0  startup_stm32f103xe.o(.text)
    TIM1_BRK_IRQHandler                      0x08000163   Thumb Code     0  startup_stm32f103xe.o(.text)
    TIM1_CC_IRQHandler                       0x08000163   Thumb Code     0  startup_stm32f103xe.o(.text)
    TIM1_TRG_COM_IRQHandler                  0x08000163   Thumb Code     0  startup_stm32f103xe.o(.text)
    TIM1_UP_IRQHandler                       0x08000163   Thumb Code     0  startup_stm32f103xe.o(.text)
    TIM2_IRQHandler                          0x08000163   Thumb Code     0  startup_stm32f103xe.o(.text)
    TIM3_IRQHandler                          0x08000163   Thumb Code     0  startup_stm32f103xe.o(.text)
    TIM4_IRQHandler                          0x08000163   Thumb Code     0  startup_stm32f103xe.o(.text)
    TIM5_IRQHandler                          0x08000163   Thumb Code     0  startup_stm32f103xe.o(.text)
    TIM7_IRQHandler                          0x08000163   Thumb Code     0  startup_stm32f103xe.o(.text)
    TIM8_BRK_IRQHandler                      0x08000163   Thumb Code     0  startup_stm32f103xe.o(.text)
    TIM8_CC_IRQHandler                       0x08000163   Thumb Code     0  startup_stm32f103xe.o(.text)
    TIM8_TRG_COM_IRQHandler                  0x08000163   Thumb Code     0  startup_stm32f103xe.o(.text)
    TIM8_UP_IRQHandler                       0x08000163   Thumb Code     0  startup_stm32f103xe.o(.text)
    UART4_IRQHandler                         0x08000163   Thumb Code     0  startup_stm32f103xe.o(.text)
    UART5_IRQHandler                         0x08000163   Thumb Code     0  startup_stm32f103xe.o(.text)
    USART2_IRQHandler                        0x08000163   Thumb Code     0  startup_stm32f103xe.o(.text)
    USART3_IRQHandler                        0x08000163   Thumb Code     0  startup_stm32f103xe.o(.text)
    USBWakeUp_IRQHandler                     0x08000163   Thumb Code     0  startup_stm32f103xe.o(.text)
    USB_HP_CAN1_TX_IRQHandler                0x08000163   Thumb Code     0  startup_stm32f103xe.o(.text)
    USB_LP_CAN1_RX0_IRQHandler               0x08000163   Thumb Code     0  startup_stm32f103xe.o(.text)
    WWDG_IRQHandler                          0x08000163   Thumb Code     0  startup_stm32f103xe.o(.text)
    __aeabi_llsr                             0x0800016d   Thumb Code    32  llushr.o(.text)
    _ll_ushift_r                             0x0800016d   Thumb Code     0  llushr.o(.text)
    __aeabi_memset                           0x0800018d   Thumb Code    14  memseta.o(.text)
    __aeabi_memset4                          0x0800018d   Thumb Code     0  memseta.o(.text)
    __aeabi_memset8                          0x0800018d   Thumb Code     0  memseta.o(.text)
    __aeabi_memclr                           0x0800019b   Thumb Code     4  memseta.o(.text)
    __aeabi_memclr4                          0x0800019b   Thumb Code     0  memseta.o(.text)
    __aeabi_memclr8                          0x0800019b   Thumb Code     0  memseta.o(.text)
    _memset$wrapper                          0x0800019f   Thumb Code    18  memseta.o(.text)
    __aeabi_fadd                             0x080001b1   Thumb Code   164  fadd.o(.text)
    __aeabi_fsub                             0x08000255   Thumb Code     6  fadd.o(.text)
    __aeabi_frsub                            0x0800025b   Thumb Code     6  fadd.o(.text)
    __aeabi_fmul                             0x08000261   Thumb Code   100  fmul.o(.text)
    __aeabi_dmul                             0x080002c5   Thumb Code   228  dmul.o(.text)
    __ARM_scalbn                             0x080003a9   Thumb Code    46  dscalb.o(.text)
    scalbn                                   0x080003a9   Thumb Code     0  dscalb.o(.text)
    __aeabi_i2f                              0x080003d7   Thumb Code    18  fflti.o(.text)
    __aeabi_i2d                              0x080003e9   Thumb Code    34  dflti.o(.text)
    __aeabi_ui2d                             0x0800040b   Thumb Code    26  dfltui.o(.text)
    __aeabi_f2iz                             0x08000425   Thumb Code    50  ffixi.o(.text)
    __aeabi_f2uiz                            0x08000457   Thumb Code    40  ffixui.o(.text)
    __aeabi_f2d                              0x0800047f   Thumb Code    38  f2d.o(.text)
    __aeabi_d2f                              0x080004a5   Thumb Code    56  d2f.o(.text)
    __aeabi_cfcmpeq                          0x080004dd   Thumb Code     0  cfcmple.o(.text)
    __aeabi_cfcmple                          0x080004dd   Thumb Code    20  cfcmple.o(.text)
    __aeabi_cfrcmple                         0x080004f1   Thumb Code    20  cfrcmple.o(.text)
    __aeabi_uidiv                            0x08000505   Thumb Code     0  uidiv.o(.text)
    __aeabi_uidivmod                         0x08000505   Thumb Code    44  uidiv.o(.text)
    __aeabi_uldivmod                         0x08000531   Thumb Code    98  uldiv.o(.text)
    __I$use$fp                               0x08000593   Thumb Code     0  iusefp.o(.text)
    _float_round                             0x08000593   Thumb Code    18  fepilogue.o(.text)
    _float_epilogue                          0x080005a5   Thumb Code    92  fepilogue.o(.text)
    _double_round                            0x08000601   Thumb Code    30  depilogue.o(.text)
    _double_epilogue                         0x0800061f   Thumb Code   156  depilogue.o(.text)
    __aeabi_dadd                             0x080006bb   Thumb Code   322  dadd.o(.text)
    __aeabi_dsub                             0x080007fd   Thumb Code     6  dadd.o(.text)
    __aeabi_drsub                            0x08000803   Thumb Code     6  dadd.o(.text)
    __aeabi_ddiv                             0x08000809   Thumb Code   222  ddiv.o(.text)
    __aeabi_d2ulz                            0x080008e7   Thumb Code    48  dfixul.o(.text)
    __aeabi_cdrcmple                         0x08000919   Thumb Code    48  cdrcmple.o(.text)
    __scatterload                            0x08000949   Thumb Code    28  init.o(.text)
    __scatterload_rt2                        0x08000949   Thumb Code     0  init.o(.text)
    __aeabi_llsl                             0x0800096d   Thumb Code    30  llshl.o(.text)
    _ll_shift_l                              0x0800096d   Thumb Code     0  llshl.o(.text)
    __aeabi_lasr                             0x0800098b   Thumb Code    36  llsshr.o(.text)
    _ll_sshift_r                             0x0800098b   Thumb Code     0  llsshr.o(.text)
    ADC_ConversionStop_Disable               0x080009b1   Thumb Code    76  stm32f1xx_hal_adc.o(i.ADC_ConversionStop_Disable)
    ADC_Enable                               0x080009fd   Thumb Code   104  stm32f1xx_hal_adc.o(i.ADC_Enable)
    Add_Hot                                  0x08000a6d   Thumb Code    38  templevel.o(i.Add_Hot)
    Add_Hot_Timing                           0x08000a99   Thumb Code    34  templevel.o(i.Add_Hot_Timing)
    BusFault_Handler                         0x08000ac1   Thumb Code     2  stm32f1xx_it.o(i.BusFault_Handler)
    DS18B20_Check                            0x08000ac5   Thumb Code    88  ds18b20.o(i.DS18B20_Check)
    DS18B20_GetTemperture                    0x08000b21   Thumb Code    90  ds18b20.o(i.DS18B20_GetTemperture)
    DS18B20_IO_IN                            0x08000b81   Thumb Code    30  ds18b20.o(i.DS18B20_IO_IN)
    DS18B20_IO_OUT                           0x08000ba5   Thumb Code    28  ds18b20.o(i.DS18B20_IO_OUT)
    DS18B20_Init                             0x08000bc5   Thumb Code    58  ds18b20.o(i.DS18B20_Init)
    DS18B20_Read_Bit                         0x08000c09   Thumb Code    74  ds18b20.o(i.DS18B20_Read_Bit)
    DS18B20_Read_Byte                        0x08000c59   Thumb Code    32  ds18b20.o(i.DS18B20_Read_Byte)
    DS18B20_Reset                            0x08000c79   Thumb Code    50  ds18b20.o(i.DS18B20_Reset)
    DS18B20_Start                            0x08000cb1   Thumb Code    26  ds18b20.o(i.DS18B20_Start)
    DS18B20_Test                             0x08000ccd   Thumb Code    38  ds18b20.o(i.DS18B20_Test)
    DS18B20_Write_Byte                       0x08000d25   Thumb Code    96  ds18b20.o(i.DS18B20_Write_Byte)
    DebugMon_Handler                         0x08000d89   Thumb Code     2  stm32f1xx_it.o(i.DebugMon_Handler)
    Display_Init                             0x08000d8b   Thumb Code   260  display.o(i.Display_Init)
    Error_Handler                            0x08000e8f   Thumb Code     4  main.o(i.Error_Handler)
    GP2Y0A21_GetDistance                     0x08000e95   Thumb Code    50  gp2y0a21.o(i.GP2Y0A21_GetDistance)
    HAL_ADC_ConfigChannel                    0x08000ee9   Thumb Code   240  stm32f1xx_hal_adc.o(i.HAL_ADC_ConfigChannel)
    HAL_ADC_GetValue                         0x08000fe5   Thumb Code     6  stm32f1xx_hal_adc.o(i.HAL_ADC_GetValue)
    HAL_ADC_Init                             0x08000fed   Thumb Code   272  stm32f1xx_hal_adc.o(i.HAL_ADC_Init)
    HAL_ADC_MspInit                          0x0800110d   Thumb Code    76  adc.o(i.HAL_ADC_MspInit)
    HAL_ADC_PollForConversion                0x08001165   Thumb Code   290  stm32f1xx_hal_adc.o(i.HAL_ADC_PollForConversion)
    HAL_ADC_Start                            0x08001295   Thumb Code   184  stm32f1xx_hal_adc.o(i.HAL_ADC_Start)
    HAL_DMA_Abort_IT                         0x08001355   Thumb Code   296  stm32f1xx_hal_dma.o(i.HAL_DMA_Abort_IT)
    HAL_Delay                                0x08001485   Thumb Code    32  stm32f1xx_hal.o(i.HAL_Delay)
    HAL_Delay_us                             0x080014a9   Thumb Code    44  tim.o(i.HAL_Delay_us)
    HAL_GPIO_Init                            0x080014d9   Thumb Code   462  stm32f1xx_hal_gpio.o(i.HAL_GPIO_Init)
    HAL_GPIO_ReadPin                         0x080016d1   Thumb Code    10  stm32f1xx_hal_gpio.o(i.HAL_GPIO_ReadPin)
    HAL_GPIO_TogglePin                       0x080016db   Thumb Code    16  stm32f1xx_hal_gpio.o(i.HAL_GPIO_TogglePin)
    HAL_GPIO_WritePin                        0x080016eb   Thumb Code    10  stm32f1xx_hal_gpio.o(i.HAL_GPIO_WritePin)
    HAL_GetTick                              0x080016f5   Thumb Code     6  stm32f1xx_hal.o(i.HAL_GetTick)
    HAL_I2C_Init                             0x08001701   Thumb Code   376  stm32f1xx_hal_i2c.o(i.HAL_I2C_Init)
    HAL_I2C_Mem_Write                        0x08001889   Thumb Code   294  stm32f1xx_hal_i2c.o(i.HAL_I2C_Mem_Write)
    HAL_I2C_MspInit                          0x080019b9   Thumb Code    80  i2c.o(i.HAL_I2C_MspInit)
    HAL_IncTick                              0x08001a15   Thumb Code    12  stm32f1xx_hal.o(i.HAL_IncTick)
    HAL_Init                                 0x08001a25   Thumb Code    32  stm32f1xx_hal.o(i.HAL_Init)
    HAL_InitTick                             0x08001a49   Thumb Code    54  stm32f1xx_hal.o(i.HAL_InitTick)
    HAL_MspInit                              0x08001a89   Thumb Code    52  stm32f1xx_hal_msp.o(i.HAL_MspInit)
    HAL_NVIC_EnableIRQ                       0x08001ac5   Thumb Code    26  stm32f1xx_hal_cortex.o(i.HAL_NVIC_EnableIRQ)
    HAL_NVIC_SetPriority                     0x08001ae1   Thumb Code    60  stm32f1xx_hal_cortex.o(i.HAL_NVIC_SetPriority)
    HAL_NVIC_SetPriorityGrouping             0x08001b21   Thumb Code    26  stm32f1xx_hal_cortex.o(i.HAL_NVIC_SetPriorityGrouping)
    HAL_RCCEx_GetPeriphCLKFreq               0x08001b45   Thumb Code   180  stm32f1xx_hal_rcc_ex.o(i.HAL_RCCEx_GetPeriphCLKFreq)
    HAL_RCCEx_PeriphCLKConfig                0x08001c19   Thumb Code   224  stm32f1xx_hal_rcc_ex.o(i.HAL_RCCEx_PeriphCLKConfig)
    HAL_RCC_ClockConfig                      0x08001d05   Thumb Code   280  stm32f1xx_hal_rcc.o(i.HAL_RCC_ClockConfig)
    HAL_RCC_GetPCLK1Freq                     0x08001e31   Thumb Code    20  stm32f1xx_hal_rcc.o(i.HAL_RCC_GetPCLK1Freq)
    HAL_RCC_GetPCLK2Freq                     0x08001e51   Thumb Code    20  stm32f1xx_hal_rcc.o(i.HAL_RCC_GetPCLK2Freq)
    HAL_RCC_GetSysClockFreq                  0x08001e71   Thumb Code    74  stm32f1xx_hal_rcc.o(i.HAL_RCC_GetSysClockFreq)
    HAL_RCC_OscConfig                        0x08001edd   Thumb Code   778  stm32f1xx_hal_rcc.o(i.HAL_RCC_OscConfig)
    HAL_SYSTICK_Config                       0x080021fd   Thumb Code    40  stm32f1xx_hal_cortex.o(i.HAL_SYSTICK_Config)
    HAL_TIMEx_BreakCallback                  0x08002225   Thumb Code     2  stm32f1xx_hal_tim_ex.o(i.HAL_TIMEx_BreakCallback)
    HAL_TIMEx_CommutCallback                 0x08002227   Thumb Code     2  stm32f1xx_hal_tim_ex.o(i.HAL_TIMEx_CommutCallback)
    HAL_TIMEx_ConfigBreakDeadTime            0x08002229   Thumb Code    84  stm32f1xx_hal_tim_ex.o(i.HAL_TIMEx_ConfigBreakDeadTime)
    HAL_TIMEx_MasterConfigSynchronization    0x0800227d   Thumb Code   104  stm32f1xx_hal_tim_ex.o(i.HAL_TIMEx_MasterConfigSynchronization)
    HAL_TIM_Base_Init                        0x080022f9   Thumb Code    90  stm32f1xx_hal_tim.o(i.HAL_TIM_Base_Init)
    HAL_TIM_Base_MspInit                     0x08002355   Thumb Code    50  tim.o(i.HAL_TIM_Base_MspInit)
    HAL_TIM_Base_Start                       0x08002391   Thumb Code    78  stm32f1xx_hal_tim.o(i.HAL_TIM_Base_Start)
    HAL_TIM_Base_Stop                        0x080023f5   Thumb Code    38  stm32f1xx_hal_tim.o(i.HAL_TIM_Base_Stop)
    HAL_TIM_IC_CaptureCallback               0x0800241b   Thumb Code     2  stm32f1xx_hal_tim.o(i.HAL_TIM_IC_CaptureCallback)
    HAL_TIM_IRQHandler                       0x0800241d   Thumb Code   358  stm32f1xx_hal_tim.o(i.HAL_TIM_IRQHandler)
    HAL_TIM_MspPostInit                      0x08002585   Thumb Code    82  tim.o(i.HAL_TIM_MspPostInit)
    HAL_TIM_OC_DelayElapsedCallback          0x080025e9   Thumb Code     2  stm32f1xx_hal_tim.o(i.HAL_TIM_OC_DelayElapsedCallback)
    HAL_TIM_PWM_ConfigChannel                0x080025eb   Thumb Code   198  stm32f1xx_hal_tim.o(i.HAL_TIM_PWM_ConfigChannel)
    HAL_TIM_PWM_Init                         0x080026b1   Thumb Code    90  stm32f1xx_hal_tim.o(i.HAL_TIM_PWM_Init)
    HAL_TIM_PWM_MspInit                      0x0800270d   Thumb Code    30  tim.o(i.HAL_TIM_PWM_MspInit)
    HAL_TIM_PWM_PulseFinishedCallback        0x08002735   Thumb Code     2  stm32f1xx_hal_tim.o(i.HAL_TIM_PWM_PulseFinishedCallback)
    HAL_TIM_PWM_Start                        0x08002739   Thumb Code   160  stm32f1xx_hal_tim.o(i.HAL_TIM_PWM_Start)
    HAL_TIM_PWM_Stop                         0x080027ed   Thumb Code   114  stm32f1xx_hal_tim.o(i.HAL_TIM_PWM_Stop)
    HAL_TIM_PeriodElapsedCallback            0x08002869   Thumb Code     2  stm32f1xx_hal_tim.o(i.HAL_TIM_PeriodElapsedCallback)
    HAL_TIM_TriggerCallback                  0x0800286b   Thumb Code     2  stm32f1xx_hal_tim.o(i.HAL_TIM_TriggerCallback)
    HAL_UART_ErrorCallback                   0x0800286d   Thumb Code     2  stm32f1xx_hal_uart.o(i.HAL_UART_ErrorCallback)
    HAL_UART_IRQHandler                      0x08002871   Thumb Code   344  stm32f1xx_hal_uart.o(i.HAL_UART_IRQHandler)
    HAL_UART_Init                            0x080029cd   Thumb Code    98  stm32f1xx_hal_uart.o(i.HAL_UART_Init)
    HAL_UART_MspInit                         0x08002a31   Thumb Code   116  usart.o(i.HAL_UART_MspInit)
    HAL_UART_ReceiveData                     0x08002ab1   Thumb Code     6  stm32f1xx_hal_uart.o(i.HAL_UART_ReceiveData)
    HAL_UART_RxCpltCallback                  0x08002ab7   Thumb Code     2  stm32f1xx_hal_uart.o(i.HAL_UART_RxCpltCallback)
    HAL_UART_Transmit                        0x08002ab9   Thumb Code   178  stm32f1xx_hal_uart.o(i.HAL_UART_Transmit)
    HAL_UART_TxCpltCallback                  0x08002b6b   Thumb Code     2  stm32f1xx_hal_uart.o(i.HAL_UART_TxCpltCallback)
    HardFault_Handler                        0x08002b6d   Thumb Code     2  stm32f1xx_it.o(i.HardFault_Handler)
    MX_ADC1_Init                             0x08002ddd   Thumb Code    68  adc.o(i.MX_ADC1_Init)
    MX_GPIO_Init                             0x08002e29   Thumb Code   310  gpio.o(i.MX_GPIO_Init)
    MX_I2C1_Init                             0x08002f79   Thumb Code    50  i2c.o(i.MX_I2C1_Init)
    MX_TIM1_Init                             0x08002fb9   Thumb Code   172  tim.o(i.MX_TIM1_Init)
    MX_TIM6_Init                             0x0800306d   Thumb Code    60  tim.o(i.MX_TIM6_Init)
    MX_USART1_UART_Init                      0x080030b1   Thumb Code    48  usart.o(i.MX_USART1_UART_Init)
    MemManage_Handler                        0x080030e9   Thumb Code     2  stm32f1xx_it.o(i.MemManage_Handler)
    NMI_Handler                              0x080030eb   Thumb Code     2  stm32f1xx_it.o(i.NMI_Handler)
    OLED_Clear                               0x080030ed   Thumb Code    52  oled.o(i.OLED_Clear)
    OLED_Init                                0x08003121   Thumb Code    16  oled.o(i.OLED_Init)
    OLED_Set_Pos                             0x08003131   Thumb Code    34  oled.o(i.OLED_Set_Pos)
    OLED_ShowChar                            0x08003155   Thumb Code   126  oled.o(i.OLED_ShowChar)
    OLED_ShowChinese                         0x080031dd   Thumb Code    74  oled.o(i.OLED_ShowChinese)
    OLED_ShowNum                             0x0800322d   Thumb Code   106  oled.o(i.OLED_ShowNum)
    OLED_WR_CMD                              0x08003299   Thumb Code    32  oled.o(i.OLED_WR_CMD)
    OLED_WR_DATA                             0x080032bd   Thumb Code    32  oled.o(i.OLED_WR_DATA)
    PendSV_Handler                           0x080032e1   Thumb Code     2  stm32f1xx_it.o(i.PendSV_Handler)
    SVC_Handler                              0x080032e3   Thumb Code     2  stm32f1xx_it.o(i.SVC_Handler)
    SysTick_Handler                          0x080032e5   Thumb Code     4  stm32f1xx_it.o(i.SysTick_Handler)
    SystemClock_Config                       0x080032e9   Thumb Code   122  main.o(i.SystemClock_Config)
    SystemInit                               0x08003363   Thumb Code     2  system_stm32f1xx.o(i.SystemInit)
    TIM6_IRQHandler                          0x08003365   Thumb Code     6  stm32f1xx_it.o(i.TIM6_IRQHandler)
    TIM_Base_SetConfig                       0x08003371   Thumb Code   120  stm32f1xx_hal_tim.o(i.TIM_Base_SetConfig)
    TIM_CCxChannelCmd                        0x080033fd   Thumb Code    26  stm32f1xx_hal_tim.o(i.TIM_CCxChannelCmd)
    TIM_OC2_SetConfig                        0x08003479   Thumb Code    98  stm32f1xx_hal_tim.o(i.TIM_OC2_SetConfig)
    Temprature_Warning                       0x0800359d   Thumb Code   100  warning.o(i.Temprature_Warning)
    USART1_IRQHandler                        0x080037dd   Thumb Code     6  stm32f1xx_it.o(i.USART1_IRQHandler)
    UsageFault_Handler                       0x080037e9   Thumb Code     2  stm32f1xx_it.o(i.UsageFault_Handler)
    Water_Level                              0x080037ed   Thumb Code    82  waterlevel.o(i.Water_Level)
    Waterlevel_Warning                       0x08003845   Thumb Code    88  warning.o(i.Waterlevel_Warning)
    WriteCmd                                 0x080038a5   Thumb Code    42  oled.o(i.WriteCmd)
    __0printf                                0x080038d9   Thumb Code    22  printfa.o(i.__0printf)
    __1printf                                0x080038d9   Thumb Code     0  printfa.o(i.__0printf)
    __2printf                                0x080038d9   Thumb Code     0  printfa.o(i.__0printf)
    __c89printf                              0x080038d9   Thumb Code     0  printfa.o(i.__0printf)
    printf                                   0x080038d9   Thumb Code     0  printfa.o(i.__0printf)
    __scatterload_copy                       0x08003919   Thumb Code    14  handlers.o(i.__scatterload_copy)
    __scatterload_null                       0x08003927   Thumb Code     2  handlers.o(i.__scatterload_null)
    __scatterload_zeroinit                   0x08003929   Thumb Code    14  handlers.o(i.__scatterload_zeroinit)
    fputc                                    0x080041c5   Thumb Code    20  usart.o(i.fputc)
    main                                     0x080041dd   Thumb Code   422  main.o(i.main)
    oled_pow                                 0x080043f1   Thumb Code    16  oled.o(i.oled_pow)
    F6x8                                     0x08004400   Data         552  oled.o(.constdata)
    F8X16                                    0x08004628   Data        1504  oled.o(.constdata)
    Hzk                                      0x08004c08   Data       11220  oled.o(.constdata)
    AHBPrescTable                            0x080077dc   Data          16  system_stm32f1xx.o(.constdata)
    APBPrescTable                            0x080077ec   Data           8  system_stm32f1xx.o(.constdata)
    Region$$Table$$Base                      0x080077f4   Number         0  anon$$obj.o(Region$$Table)
    Region$$Table$$Limit                     0x08007814   Number         0  anon$$obj.o(Region$$Table)
    CMD_Data                                 0x20000000   Data          27  oled.o(.data)
    uwTickFreq                               0x2000001c   Data           1  stm32f1xx_hal.o(.data)
    uwTickPrio                               0x20000020   Data           4  stm32f1xx_hal.o(.data)
    uwTick                                   0x20000024   Data           4  stm32f1xx_hal.o(.data)
    SystemCoreClock                          0x20000028   Data           4  system_stm32f1xx.o(.data)
    __stdout                                 0x2000002c   Data           4  stdout.o(.data)
    hadc1                                    0x20000030   Data          48  adc.o(.bss)
    hi2c1                                    0x20000060   Data          84  i2c.o(.bss)
    htim1                                    0x200000b4   Data          72  tim.o(.bss)
    htim6                                    0x200000fc   Data          72  tim.o(.bss)
    huart1                                   0x20000144   Data          64  usart.o(.bss)
    __initial_sp                             0x20000588   Data           0  startup_stm32f103xe.o(STACK)



==============================================================================

Memory Map of the image

  Image Entry point : 0x08000131

  Load Region LR_IROM1 (Base: 0x08000000, Size: 0x00007844, Max: 0x00080000, ABSOLUTE)

    Execution Region ER_IROM1 (Exec base: 0x08000000, Load base: 0x08000000, Size: 0x00007814, Max: 0x00080000, ABSOLUTE)

    Exec Addr    Load Addr    Size         Type   Attr      Idx    E Section Name        Object

    0x08000000   0x08000000   0x00000130   Data   RO            3    RESET               startup_stm32f103xe.o
    0x08000130   0x08000130   0x00000000   Code   RO         3899  * .ARM.Collect$$$$00000000  mc_w.l(entry.o)
    0x08000130   0x08000130   0x00000004   Code   RO         4193    .ARM.Collect$$$$00000001  mc_w.l(entry2.o)
    0x08000134   0x08000134   0x00000004   Code   RO         4196    .ARM.Collect$$$$00000004  mc_w.l(entry5.o)
    0x08000138   0x08000138   0x00000000   Code   RO         4198    .ARM.Collect$$$$00000008  mc_w.l(entry7b.o)
    0x08000138   0x08000138   0x00000000   Code   RO         4200    .ARM.Collect$$$$0000000A  mc_w.l(entry8b.o)
    0x08000138   0x08000138   0x00000008   Code   RO         4201    .ARM.Collect$$$$0000000B  mc_w.l(entry9a.o)
    0x08000140   0x08000140   0x00000004   Code   RO         4208    .ARM.Collect$$$$0000000E  mc_w.l(entry12b.o)
    0x08000144   0x08000144   0x00000000   Code   RO         4203    .ARM.Collect$$$$0000000F  mc_w.l(entry10a.o)
    0x08000144   0x08000144   0x00000000   Code   RO         4205    .ARM.Collect$$$$00000011  mc_w.l(entry11a.o)
    0x08000144   0x08000144   0x00000004   Code   RO         4194    .ARM.Collect$$$$00002712  mc_w.l(entry2.o)
    0x08000148   0x08000148   0x00000024   Code   RO            4    .text               startup_stm32f103xe.o
    0x0800016c   0x0800016c   0x00000020   Code   RO         3902    .text               mc_w.l(llushr.o)
    0x0800018c   0x0800018c   0x00000024   Code   RO         3904    .text               mc_w.l(memseta.o)
    0x080001b0   0x080001b0   0x000000b0   Code   RO         4167    .text               mf_w.l(fadd.o)
    0x08000260   0x08000260   0x00000064   Code   RO         4169    .text               mf_w.l(fmul.o)
    0x080002c4   0x080002c4   0x000000e4   Code   RO         4171    .text               mf_w.l(dmul.o)
    0x080003a8   0x080003a8   0x0000002e   Code   RO         4173    .text               mf_w.l(dscalb.o)
    0x080003d6   0x080003d6   0x00000012   Code   RO         4175    .text               mf_w.l(fflti.o)
    0x080003e8   0x080003e8   0x00000022   Code   RO         4177    .text               mf_w.l(dflti.o)
    0x0800040a   0x0800040a   0x0000001a   Code   RO         4179    .text               mf_w.l(dfltui.o)
    0x08000424   0x08000424   0x00000032   Code   RO         4181    .text               mf_w.l(ffixi.o)
    0x08000456   0x08000456   0x00000028   Code   RO         4183    .text               mf_w.l(ffixui.o)
    0x0800047e   0x0800047e   0x00000026   Code   RO         4185    .text               mf_w.l(f2d.o)
    0x080004a4   0x080004a4   0x00000038   Code   RO         4187    .text               mf_w.l(d2f.o)
    0x080004dc   0x080004dc   0x00000014   Code   RO         4189    .text               mf_w.l(cfcmple.o)
    0x080004f0   0x080004f0   0x00000014   Code   RO         4191    .text               mf_w.l(cfrcmple.o)
    0x08000504   0x08000504   0x0000002c   Code   RO         4210    .text               mc_w.l(uidiv.o)
    0x08000530   0x08000530   0x00000062   Code   RO         4212    .text               mc_w.l(uldiv.o)
    0x08000592   0x08000592   0x00000000   Code   RO         4214    .text               mc_w.l(iusefp.o)
    0x08000592   0x08000592   0x0000006e   Code   RO         4215    .text               mf_w.l(fepilogue.o)
    0x08000600   0x08000600   0x000000ba   Code   RO         4217    .text               mf_w.l(depilogue.o)
    0x080006ba   0x080006ba   0x0000014e   Code   RO         4219    .text               mf_w.l(dadd.o)
    0x08000808   0x08000808   0x000000de   Code   RO         4221    .text               mf_w.l(ddiv.o)
    0x080008e6   0x080008e6   0x00000030   Code   RO         4223    .text               mf_w.l(dfixul.o)
    0x08000916   0x08000916   0x00000002   PAD
    0x08000918   0x08000918   0x00000030   Code   RO         4225    .text               mf_w.l(cdrcmple.o)
    0x08000948   0x08000948   0x00000024   Code   RO         4227    .text               mc_w.l(init.o)
    0x0800096c   0x0800096c   0x0000001e   Code   RO         4229    .text               mc_w.l(llshl.o)
    0x0800098a   0x0800098a   0x00000024   Code   RO         4231    .text               mc_w.l(llsshr.o)
    0x080009ae   0x080009ae   0x00000002   PAD
    0x080009b0   0x080009b0   0x0000004c   Code   RO          886    i.ADC_ConversionStop_Disable  stm32f1xx_hal_adc.o
    0x080009fc   0x080009fc   0x00000070   Code   RO          890    i.ADC_Enable        stm32f1xx_hal_adc.o
    0x08000a6c   0x08000a6c   0x0000002c   Code   RO          408    i.Add_Hot           templevel.o
    0x08000a98   0x08000a98   0x00000028   Code   RO          409    i.Add_Hot_Timing    templevel.o
    0x08000ac0   0x08000ac0   0x00000002   Code   RO          738    i.BusFault_Handler  stm32f1xx_it.o
    0x08000ac2   0x08000ac2   0x00000002   PAD
    0x08000ac4   0x08000ac4   0x0000005c   Code   RO           13    i.DS18B20_Check     ds18b20.o
    0x08000b20   0x08000b20   0x00000060   Code   RO           14    i.DS18B20_GetTemperture  ds18b20.o
    0x08000b80   0x08000b80   0x00000024   Code   RO           15    i.DS18B20_IO_IN     ds18b20.o
    0x08000ba4   0x08000ba4   0x00000020   Code   RO           16    i.DS18B20_IO_OUT    ds18b20.o
    0x08000bc4   0x08000bc4   0x00000044   Code   RO           17    i.DS18B20_Init      ds18b20.o
    0x08000c08   0x08000c08   0x00000050   Code   RO           18    i.DS18B20_Read_Bit  ds18b20.o
    0x08000c58   0x08000c58   0x00000020   Code   RO           19    i.DS18B20_Read_Byte  ds18b20.o
    0x08000c78   0x08000c78   0x00000038   Code   RO           20    i.DS18B20_Reset     ds18b20.o
    0x08000cb0   0x08000cb0   0x0000001a   Code   RO           21    i.DS18B20_Start     ds18b20.o
    0x08000cca   0x08000cca   0x00000002   PAD
    0x08000ccc   0x08000ccc   0x00000058   Code   RO           22    i.DS18B20_Test      ds18b20.o
    0x08000d24   0x08000d24   0x00000064   Code   RO           23    i.DS18B20_Write_Byte  ds18b20.o
    0x08000d88   0x08000d88   0x00000002   Code   RO          739    i.DebugMon_Handler  stm32f1xx_it.o
    0x08000d8a   0x08000d8a   0x00000104   Code   RO          354    i.Display_Init      display.o
    0x08000e8e   0x08000e8e   0x00000004   Code   RO          468    i.Error_Handler     main.o
    0x08000e92   0x08000e92   0x00000002   PAD
    0x08000e94   0x08000e94   0x00000054   Code   RO          441    i.GP2Y0A21_GetDistance  gp2y0a21.o
    0x08000ee8   0x08000ee8   0x000000fc   Code   RO          892    i.HAL_ADC_ConfigChannel  stm32f1xx_hal_adc.o
    0x08000fe4   0x08000fe4   0x00000006   Code   RO          899    i.HAL_ADC_GetValue  stm32f1xx_hal_adc.o
    0x08000fea   0x08000fea   0x00000002   PAD
    0x08000fec   0x08000fec   0x00000120   Code   RO          901    i.HAL_ADC_Init      stm32f1xx_hal_adc.o
    0x0800110c   0x0800110c   0x00000058   Code   RO          533    i.HAL_ADC_MspInit   adc.o
    0x08001164   0x08001164   0x00000130   Code   RO          905    i.HAL_ADC_PollForConversion  stm32f1xx_hal_adc.o
    0x08001294   0x08001294   0x000000c0   Code   RO          907    i.HAL_ADC_Start     stm32f1xx_hal_adc.o
    0x08001354   0x08001354   0x00000130   Code   RO         1542    i.HAL_DMA_Abort_IT  stm32f1xx_hal_dma.o
    0x08001484   0x08001484   0x00000024   Code   RO         1169    i.HAL_Delay         stm32f1xx_hal.o
    0x080014a8   0x080014a8   0x00000030   Code   RO          616    i.HAL_Delay_us      tim.o
    0x080014d8   0x080014d8   0x000001f8   Code   RO         1477    i.HAL_GPIO_Init     stm32f1xx_hal_gpio.o
    0x080016d0   0x080016d0   0x0000000a   Code   RO         1479    i.HAL_GPIO_ReadPin  stm32f1xx_hal_gpio.o
    0x080016da   0x080016da   0x00000010   Code   RO         1480    i.HAL_GPIO_TogglePin  stm32f1xx_hal_gpio.o
    0x080016ea   0x080016ea   0x0000000a   Code   RO         1481    i.HAL_GPIO_WritePin  stm32f1xx_hal_gpio.o
    0x080016f4   0x080016f4   0x0000000c   Code   RO         1173    i.HAL_GetTick       stm32f1xx_hal.o
    0x08001700   0x08001700   0x00000188   Code   RO         2148    i.HAL_I2C_Init      stm32f1xx_hal_i2c.o
    0x08001888   0x08001888   0x00000130   Code   RO         2169    i.HAL_I2C_Mem_Write  stm32f1xx_hal_i2c.o
    0x080019b8   0x080019b8   0x0000005c   Code   RO          575    i.HAL_I2C_MspInit   i2c.o
    0x08001a14   0x08001a14   0x00000010   Code   RO         1179    i.HAL_IncTick       stm32f1xx_hal.o
    0x08001a24   0x08001a24   0x00000024   Code   RO         1180    i.HAL_Init          stm32f1xx_hal.o
    0x08001a48   0x08001a48   0x00000040   Code   RO         1181    i.HAL_InitTick      stm32f1xx_hal.o
    0x08001a88   0x08001a88   0x0000003c   Code   RO          826    i.HAL_MspInit       stm32f1xx_hal_msp.o
    0x08001ac4   0x08001ac4   0x0000001a   Code   RO         1637    i.HAL_NVIC_EnableIRQ  stm32f1xx_hal_cortex.o
    0x08001ade   0x08001ade   0x00000002   PAD
    0x08001ae0   0x08001ae0   0x00000040   Code   RO         1643    i.HAL_NVIC_SetPriority  stm32f1xx_hal_cortex.o
    0x08001b20   0x08001b20   0x00000024   Code   RO         1644    i.HAL_NVIC_SetPriorityGrouping  stm32f1xx_hal_cortex.o
    0x08001b44   0x08001b44   0x000000d4   Code   RO         1439    i.HAL_RCCEx_GetPeriphCLKFreq  stm32f1xx_hal_rcc_ex.o
    0x08001c18   0x08001c18   0x000000ec   Code   RO         1440    i.HAL_RCCEx_PeriphCLKConfig  stm32f1xx_hal_rcc_ex.o
    0x08001d04   0x08001d04   0x0000012c   Code   RO         1337    i.HAL_RCC_ClockConfig  stm32f1xx_hal_rcc.o
    0x08001e30   0x08001e30   0x00000020   Code   RO         1344    i.HAL_RCC_GetPCLK1Freq  stm32f1xx_hal_rcc.o
    0x08001e50   0x08001e50   0x00000020   Code   RO         1345    i.HAL_RCC_GetPCLK2Freq  stm32f1xx_hal_rcc.o
    0x08001e70   0x08001e70   0x0000006c   Code   RO         1346    i.HAL_RCC_GetSysClockFreq  stm32f1xx_hal_rcc.o
    0x08001edc   0x08001edc   0x00000320   Code   RO         1349    i.HAL_RCC_OscConfig  stm32f1xx_hal_rcc.o
    0x080021fc   0x080021fc   0x00000028   Code   RO         1648    i.HAL_SYSTICK_Config  stm32f1xx_hal_cortex.o
    0x08002224   0x08002224   0x00000002   Code   RO         3270    i.HAL_TIMEx_BreakCallback  stm32f1xx_hal_tim_ex.o
    0x08002226   0x08002226   0x00000002   Code   RO         3271    i.HAL_TIMEx_CommutCallback  stm32f1xx_hal_tim_ex.o
    0x08002228   0x08002228   0x00000054   Code   RO         3273    i.HAL_TIMEx_ConfigBreakDeadTime  stm32f1xx_hal_tim_ex.o
    0x0800227c   0x0800227c   0x0000007c   Code   RO         3289    i.HAL_TIMEx_MasterConfigSynchronization  stm32f1xx_hal_tim_ex.o
    0x080022f8   0x080022f8   0x0000005a   Code   RO         2566    i.HAL_TIM_Base_Init  stm32f1xx_hal_tim.o
    0x08002352   0x08002352   0x00000002   PAD
    0x08002354   0x08002354   0x0000003c   Code   RO          618    i.HAL_TIM_Base_MspInit  tim.o
    0x08002390   0x08002390   0x00000064   Code   RO         2569    i.HAL_TIM_Base_Start  stm32f1xx_hal_tim.o
    0x080023f4   0x080023f4   0x00000026   Code   RO         2572    i.HAL_TIM_Base_Stop  stm32f1xx_hal_tim.o
    0x0800241a   0x0800241a   0x00000002   Code   RO         2600    i.HAL_TIM_IC_CaptureCallback  stm32f1xx_hal_tim.o
    0x0800241c   0x0800241c   0x00000166   Code   RO         2614    i.HAL_TIM_IRQHandler  stm32f1xx_hal_tim.o
    0x08002582   0x08002582   0x00000002   PAD
    0x08002584   0x08002584   0x00000064   Code   RO          619    i.HAL_TIM_MspPostInit  tim.o
    0x080025e8   0x080025e8   0x00000002   Code   RO         2617    i.HAL_TIM_OC_DelayElapsedCallback  stm32f1xx_hal_tim.o
    0x080025ea   0x080025ea   0x000000c6   Code   RO         2638    i.HAL_TIM_PWM_ConfigChannel  stm32f1xx_hal_tim.o
    0x080026b0   0x080026b0   0x0000005a   Code   RO         2641    i.HAL_TIM_PWM_Init  stm32f1xx_hal_tim.o
    0x0800270a   0x0800270a   0x00000002   PAD
    0x0800270c   0x0800270c   0x00000028   Code   RO          621    i.HAL_TIM_PWM_MspInit  tim.o
    0x08002734   0x08002734   0x00000002   Code   RO         2644    i.HAL_TIM_PWM_PulseFinishedCallback  stm32f1xx_hal_tim.o
    0x08002736   0x08002736   0x00000002   PAD
    0x08002738   0x08002738   0x000000b4   Code   RO         2646    i.HAL_TIM_PWM_Start  stm32f1xx_hal_tim.o
    0x080027ec   0x080027ec   0x0000007c   Code   RO         2649    i.HAL_TIM_PWM_Stop  stm32f1xx_hal_tim.o
    0x08002868   0x08002868   0x00000002   Code   RO         2652    i.HAL_TIM_PeriodElapsedCallback  stm32f1xx_hal_tim.o
    0x0800286a   0x0800286a   0x00000002   Code   RO         2657    i.HAL_TIM_TriggerCallback  stm32f1xx_hal_tim.o
    0x0800286c   0x0800286c   0x00000002   Code   RO         3558    i.HAL_UART_ErrorCallback  stm32f1xx_hal_uart.o
    0x0800286e   0x0800286e   0x00000002   PAD
    0x08002870   0x08002870   0x0000015c   Code   RO         3561    i.HAL_UART_IRQHandler  stm32f1xx_hal_uart.o
    0x080029cc   0x080029cc   0x00000062   Code   RO         3562    i.HAL_UART_Init     stm32f1xx_hal_uart.o
    0x08002a2e   0x08002a2e   0x00000002   PAD
    0x08002a30   0x08002a30   0x00000080   Code   RO          689    i.HAL_UART_MspInit  usart.o
    0x08002ab0   0x08002ab0   0x00000006   Code   RO         3566    i.HAL_UART_ReceiveData  stm32f1xx_hal_uart.o
    0x08002ab6   0x08002ab6   0x00000002   Code   RO         3569    i.HAL_UART_RxCpltCallback  stm32f1xx_hal_uart.o
    0x08002ab8   0x08002ab8   0x000000b2   Code   RO         3571    i.HAL_UART_Transmit  stm32f1xx_hal_uart.o
    0x08002b6a   0x08002b6a   0x00000002   Code   RO         3574    i.HAL_UART_TxCpltCallback  stm32f1xx_hal_uart.o
    0x08002b6c   0x08002b6c   0x00000002   Code   RO          740    i.HardFault_Handler  stm32f1xx_it.o
    0x08002b6e   0x08002b6e   0x0000002e   Code   RO         2190    i.I2C_IsAcknowledgeFailed  stm32f1xx_hal_i2c.o
    0x08002b9c   0x08002b9c   0x000000a8   Code   RO         2201    i.I2C_RequestMemoryWrite  stm32f1xx_hal_i2c.o
    0x08002c44   0x08002c44   0x0000004c   Code   RO         2204    i.I2C_WaitOnBTFFlagUntilTimeout  stm32f1xx_hal_i2c.o
    0x08002c90   0x08002c90   0x00000068   Code   RO         2205    i.I2C_WaitOnFlagUntilTimeout  stm32f1xx_hal_i2c.o
    0x08002cf8   0x08002cf8   0x00000096   Code   RO         2206    i.I2C_WaitOnMasterAddressFlagUntilTimeout  stm32f1xx_hal_i2c.o
    0x08002d8e   0x08002d8e   0x0000004c   Code   RO         2208    i.I2C_WaitOnTXEFlagUntilTimeout  stm32f1xx_hal_i2c.o
    0x08002dda   0x08002dda   0x00000002   PAD
    0x08002ddc   0x08002ddc   0x0000004c   Code   RO          534    i.MX_ADC1_Init      adc.o
    0x08002e28   0x08002e28   0x00000150   Code   RO          508    i.MX_GPIO_Init      gpio.o
    0x08002f78   0x08002f78   0x00000040   Code   RO          576    i.MX_I2C1_Init      i2c.o
    0x08002fb8   0x08002fb8   0x000000b4   Code   RO          622    i.MX_TIM1_Init      tim.o
    0x0800306c   0x0800306c   0x00000044   Code   RO          623    i.MX_TIM6_Init      tim.o
    0x080030b0   0x080030b0   0x00000038   Code   RO          690    i.MX_USART1_UART_Init  usart.o
    0x080030e8   0x080030e8   0x00000002   Code   RO          741    i.MemManage_Handler  stm32f1xx_it.o
    0x080030ea   0x080030ea   0x00000002   Code   RO          742    i.NMI_Handler       stm32f1xx_it.o
    0x080030ec   0x080030ec   0x00000034   Code   RO          208    i.OLED_Clear        oled.o
    0x08003120   0x08003120   0x00000010   Code   RO          211    i.OLED_Init         oled.o
    0x08003130   0x08003130   0x00000022   Code   RO          213    i.OLED_Set_Pos      oled.o
    0x08003152   0x08003152   0x00000002   PAD
    0x08003154   0x08003154   0x00000088   Code   RO          214    i.OLED_ShowChar     oled.o
    0x080031dc   0x080031dc   0x00000050   Code   RO          215    i.OLED_ShowChinese  oled.o
    0x0800322c   0x0800322c   0x0000006a   Code   RO          216    i.OLED_ShowNum      oled.o
    0x08003296   0x08003296   0x00000002   PAD
    0x08003298   0x08003298   0x00000024   Code   RO          218    i.OLED_WR_CMD       oled.o
    0x080032bc   0x080032bc   0x00000024   Code   RO          219    i.OLED_WR_DATA      oled.o
    0x080032e0   0x080032e0   0x00000002   Code   RO          743    i.PendSV_Handler    stm32f1xx_it.o
    0x080032e2   0x080032e2   0x00000002   Code   RO          744    i.SVC_Handler       stm32f1xx_it.o
    0x080032e4   0x080032e4   0x00000004   Code   RO          745    i.SysTick_Handler   stm32f1xx_it.o
    0x080032e8   0x080032e8   0x0000007a   Code   RO          469    i.SystemClock_Config  main.o
    0x08003362   0x08003362   0x00000002   Code   RO         3865    i.SystemInit        system_stm32f1xx.o
    0x08003364   0x08003364   0x0000000c   Code   RO          746    i.TIM6_IRQHandler   stm32f1xx_it.o
    0x08003370   0x08003370   0x0000008c   Code   RO         2659    i.TIM_Base_SetConfig  stm32f1xx_hal_tim.o
    0x080033fc   0x080033fc   0x0000001a   Code   RO         2660    i.TIM_CCxChannelCmd  stm32f1xx_hal_tim.o
    0x08003416   0x08003416   0x00000002   PAD
    0x08003418   0x08003418   0x00000060   Code   RO         2672    i.TIM_OC1_SetConfig  stm32f1xx_hal_tim.o
    0x08003478   0x08003478   0x0000006c   Code   RO         2673    i.TIM_OC2_SetConfig  stm32f1xx_hal_tim.o
    0x080034e4   0x080034e4   0x00000068   Code   RO         2674    i.TIM_OC3_SetConfig  stm32f1xx_hal_tim.o
    0x0800354c   0x0800354c   0x00000050   Code   RO         2675    i.TIM_OC4_SetConfig  stm32f1xx_hal_tim.o
    0x0800359c   0x0800359c   0x0000006c   Code   RO          318    i.Temprature_Warning  warning.o
    0x08003608   0x08003608   0x00000010   Code   RO         3576    i.UART_DMAAbortOnError  stm32f1xx_hal_uart.o
    0x08003618   0x08003618   0x0000001c   Code   RO         3586    i.UART_EndRxTransfer  stm32f1xx_hal_uart.o
    0x08003634   0x08003634   0x0000008c   Code   RO         3588    i.UART_Receive_IT   stm32f1xx_hal_uart.o
    0x080036c0   0x080036c0   0x000000b8   Code   RO         3589    i.UART_SetConfig    stm32f1xx_hal_uart.o
    0x08003778   0x08003778   0x00000064   Code   RO         3590    i.UART_WaitOnFlagUntilTimeout  stm32f1xx_hal_uart.o
    0x080037dc   0x080037dc   0x0000000c   Code   RO          747    i.USART1_IRQHandler  stm32f1xx_it.o
    0x080037e8   0x080037e8   0x00000002   Code   RO          748    i.UsageFault_Handler  stm32f1xx_it.o
    0x080037ea   0x080037ea   0x00000002   PAD
    0x080037ec   0x080037ec   0x00000058   Code   RO          381    i.Water_Level       waterlevel.o
    0x08003844   0x08003844   0x00000060   Code   RO          319    i.Waterlevel_Warning  warning.o
    0x080038a4   0x080038a4   0x00000034   Code   RO          220    i.WriteCmd          oled.o
    0x080038d8   0x080038d8   0x00000020   Code   RO         4139    i.__0printf         mc_w.l(printfa.o)
    0x080038f8   0x080038f8   0x00000020   Code   RO         1650    i.__NVIC_SetPriority  stm32f1xx_hal_cortex.o
    0x08003918   0x08003918   0x0000000e   Code   RO         4235    i.__scatterload_copy  mc_w.l(handlers.o)
    0x08003926   0x08003926   0x00000002   Code   RO         4236    i.__scatterload_null  mc_w.l(handlers.o)
    0x08003928   0x08003928   0x0000000e   Code   RO         4237    i.__scatterload_zeroinit  mc_w.l(handlers.o)
    0x08003936   0x08003936   0x00000002   PAD
    0x08003938   0x08003938   0x00000184   Code   RO         4146    i._fp_digits        mc_w.l(printfa.o)
    0x08003abc   0x08003abc   0x000006b4   Code   RO         4147    i._printf_core      mc_w.l(printfa.o)
    0x08004170   0x08004170   0x00000024   Code   RO         4148    i._printf_post_padding  mc_w.l(printfa.o)
    0x08004194   0x08004194   0x0000002e   Code   RO         4149    i._printf_pre_padding  mc_w.l(printfa.o)
    0x080041c2   0x080041c2   0x00000002   PAD
    0x080041c4   0x080041c4   0x00000018   Code   RO          691    i.fputc             usart.o
    0x080041dc   0x080041dc   0x00000214   Code   RO          470    i.main              main.o
    0x080043f0   0x080043f0   0x00000010   Code   RO          221    i.oled_pow          oled.o
    0x08004400   0x08004400   0x000033dc   Data   RO          222    .constdata          oled.o
    0x080077dc   0x080077dc   0x00000010   Data   RO         3866    .constdata          system_stm32f1xx.o
    0x080077ec   0x080077ec   0x00000008   Data   RO         3867    .constdata          system_stm32f1xx.o
    0x080077f4   0x080077f4   0x00000020   Data   RO         4233    Region$$Table       anon$$obj.o


    Execution Region RW_IRAM1 (Exec base: 0x20000000, Load base: 0x08007814, Size: 0x00000588, Max: 0x00010000, ABSOLUTE)

    Exec Addr    Load Addr    Size         Type   Attr      Idx    E Section Name        Object

    0x20000000   0x08007814   0x0000001b   Data   RW          223    .data               oled.o
    0x2000001b   0x0800782f   0x00000001   PAD
    0x2000001c   0x08007830   0x0000000c   Data   RW         1187    .data               stm32f1xx_hal.o
    0x20000028   0x0800783c   0x00000004   Data   RW         3868    .data               system_stm32f1xx.o
    0x2000002c   0x08007840   0x00000004   Data   RW         4209    .data               mc_w.l(stdout.o)
    0x20000030        -       0x00000030   Zero   RW          535    .bss                adc.o
    0x20000060        -       0x00000054   Zero   RW          577    .bss                i2c.o
    0x200000b4        -       0x00000090   Zero   RW          624    .bss                tim.o
    0x20000144        -       0x00000040   Zero   RW          693    .bss                usart.o
    0x20000184   0x08007844   0x00000004   PAD
    0x20000188        -       0x00000400   Zero   RW            1    STACK               startup_stm32f103xe.o


==============================================================================

Image component sizes


      Code (inc. data)   RO Data    RW Data    ZI Data      Debug   Object Name

       164         20          0          0         48       1593   adc.o
       260          0          0          0          0        599   display.o
       706         96          0          0          0     514347   ds18b20.o
        84         34          0          0          0        599   gp2y0a21.o
       336         26          0          0          0       1067   gpio.o
       156         26          0          0         84       1581   i2c.o
       658        116          0          0          0       2928   main.o
       564         34      13276         27          0       6669   oled.o
        36          8        304          0       1024        792   startup_stm32f103xe.o
       164         28          0         12          0       6413   stm32f1xx_hal.o
      1230         58          0          0          0       6464   stm32f1xx_hal_adc.o
       198         14          0          0          0      28875   stm32f1xx_hal_cortex.o
       304          8          0          0          0       1143   stm32f1xx_hal_dma.o
       540         42          0          0          0       4088   stm32f1xx_hal_gpio.o
      1316         32          0          0          0       9063   stm32f1xx_hal_i2c.o
        60          8          0          0          0        846   stm32f1xx_hal_msp.o
      1272        100          0          0          0       5116   stm32f1xx_hal_rcc.o
       448         44          0          0          0       2529   stm32f1xx_hal_rcc_ex.o
      1742        108          0          0          0      13988   stm32f1xx_hal_tim.o
       212         20          0          0          0       3097   stm32f1xx_hal_tim_ex.o
      1104         10          0          0          0       9130   stm32f1xx_hal_uart.o
        44         12          0          0          0       4600   stm32f1xx_it.o
         2          0         24          4          0       1083   system_stm32f1xx.o
        84         12          0          0          0       1055   templevel.o
       496         58          0          0        144       3890   tim.o
       208         24          0          0         64       2268   usart.o
       204         16          0          0          0       1362   warning.o
        88          6          0          0          0        698   waterlevel.o

    ----------------------------------------------------------------------
     12712        960      13636         44       1368     635883   Object Totals
         0          0         32          0          0          0   (incl. Generated)
        32          0          0          1          4          0   (incl. Padding)

    ----------------------------------------------------------------------

      Code (inc. data)   RO Data    RW Data    ZI Data      Debug   Library Member Name

         0          0          0          0          0          0   entry.o
         0          0          0          0          0          0   entry10a.o
         0          0          0          0          0          0   entry11a.o
         4          0          0          0          0          0   entry12b.o
         8          4          0          0          0          0   entry2.o
         4          0          0          0          0          0   entry5.o
         0          0          0          0          0          0   entry7b.o
         0          0          0          0          0          0   entry8b.o
         8          4          0          0          0          0   entry9a.o
        30          0          0          0          0          0   handlers.o
        36          8          0          0          0         68   init.o
         0          0          0          0          0          0   iusefp.o
        30          0          0          0          0         68   llshl.o
        36          0          0          0          0         68   llsshr.o
        32          0          0          0          0         68   llushr.o
        36          0          0          0          0        108   memseta.o
      2218         90          0          0          0        464   printfa.o
         0          0          0          4          0          0   stdout.o
        44          0          0          0          0         80   uidiv.o
        98          0          0          0          0         92   uldiv.o
        48          0          0          0          0         68   cdrcmple.o
        20          0          0          0          0         68   cfcmple.o
        20          0          0          0          0         68   cfrcmple.o
        56          0          0          0          0         88   d2f.o
       334          0          0          0          0        148   dadd.o
       222          0          0          0          0        100   ddiv.o
       186          0          0          0          0        176   depilogue.o
        48          0          0          0          0         68   dfixul.o
        34          0          0          0          0         76   dflti.o
        26          0          0          0          0         76   dfltui.o
       228          0          0          0          0         96   dmul.o
        46          0          0          0          0         80   dscalb.o
        38          0          0          0          0         68   f2d.o
       176          0          0          0          0        140   fadd.o
       110          0          0          0          0        168   fepilogue.o
        50          0          0          0          0         68   ffixi.o
        40          0          0          0          0         68   ffixui.o
        18          0          0          0          0         68   fflti.o
       100          0          0          0          0         76   fmul.o

    ----------------------------------------------------------------------
      4392        106          0          4          0       2784   Library Totals
         8          0          0          0          0          0   (incl. Padding)

    ----------------------------------------------------------------------

      Code (inc. data)   RO Data    RW Data    ZI Data      Debug   Library Name

      2584        106          0          4          0       1016   mc_w.l
      1800          0          0          0          0       1768   mf_w.l

    ----------------------------------------------------------------------
      4392        106          0          4          0       2784   Library Totals

    ----------------------------------------------------------------------

==============================================================================


      Code (inc. data)   RO Data    RW Data    ZI Data      Debug   

     17104       1066      13636         48       1368     630759   Grand Totals
     17104       1066      13636         48       1368     630759   ELF Image Totals
     17104       1066      13636         48          0          0   ROM Totals

==============================================================================

    Total RO  Size (Code + RO Data)                30740 (  30.02kB)
    Total RW  Size (RW Data + ZI Data)              1416 (   1.38kB)
    Total ROM Size (Code + RO Data + RW Data)      30788 (  30.07kB)

==============================================================================

